Archive member included to satisfy reference by file (symbol)

/home/pedro/LPCXpresso/workspace/Lib_CMSISv1p30_LPC17xx/Debug/libCMSISv1p30_LPC17xx.a(system_LPC17xx.o)
                              ./src/main.o (SystemCoreClock)
/home/pedro/LPCXpresso/workspace/Lib_EaBaseBoard/Debug/libLib_EaBaseBoard.a(light.o)
                              ./src/main.o (light_init)
/home/pedro/LPCXpresso/workspace/Lib_EaBaseBoard/Debug/libLib_EaBaseBoard.a(oled.o)
                              ./src/main.o (oled_init)
/home/pedro/LPCXpresso/workspace/Lib_EaBaseBoard/Debug/libLib_EaBaseBoard.a(font5x7.o)
                              /home/pedro/LPCXpresso/workspace/Lib_EaBaseBoard/Debug/libLib_EaBaseBoard.a(oled.o) (font5x7)
/home/pedro/LPCXpresso/workspace/Lib_MCU/Debug/libLib_MCU.a(lpc17xx_gpio.o)
                              /home/pedro/LPCXpresso/workspace/Lib_EaBaseBoard/Debug/libLib_EaBaseBoard.a(oled.o) (GPIO_SetDir)
/home/pedro/LPCXpresso/workspace/Lib_MCU/Debug/libLib_MCU.a(lpc17xx_i2c.o)
                              ./src/main.o (I2C_Init)
/home/pedro/LPCXpresso/workspace/Lib_MCU/Debug/libLib_MCU.a(lpc17xx_pinsel.o)
                              ./src/main.o (PINSEL_ConfigPin)
/home/pedro/LPCXpresso/workspace/Lib_MCU/Debug/libLib_MCU.a(lpc17xx_ssp.o)
                              ./src/main.o (SSP_Init)
/home/pedro/LPCXpresso/workspace/Lib_MCU/Debug/libLib_MCU.a(lpc17xx_timer.o)
                              ./src/main.o (Timer0_Wait)
/home/pedro/LPCXpresso/workspace/Lib_MCU/Debug/libLib_MCU.a(lpc17xx_uart.o)
                              ./src/main.o (UART_TxCmd)
/home/pedro/LPCXpresso/workspace/Lib_MCU/Debug/libLib_MCU.a(lpc17xx_clkpwr.o)
                              /home/pedro/LPCXpresso/workspace/Lib_MCU/Debug/libLib_MCU.a(lpc17xx_i2c.o) (CLKPWR_SetPCLKDiv)
/usr/local/lpcxpresso_8.2.2_650/lpcxpresso/tools/bin/../lib/gcc/arm-none-eabi/5.4.1/armv7-m/libgcc.a(_aeabi_uldivmod.o)
                              /home/pedro/LPCXpresso/workspace/Lib_CMSISv1p30_LPC17xx/Debug/libCMSISv1p30_LPC17xx.a(system_LPC17xx.o) (__aeabi_uldivmod)
/usr/local/lpcxpresso_8.2.2_650/lpcxpresso/tools/bin/../lib/gcc/arm-none-eabi/5.4.1/armv7-m/libgcc.a(_udivmoddi4.o)
                              /usr/local/lpcxpresso_8.2.2_650/lpcxpresso/tools/bin/../lib/gcc/arm-none-eabi/5.4.1/armv7-m/libgcc.a(_aeabi_uldivmod.o) (__udivmoddi4)
/usr/local/lpcxpresso_8.2.2_650/lpcxpresso/tools/bin/../lib/gcc/arm-none-eabi/5.4.1/armv7-m/libgcc.a(_dvmd_tls.o)
                              /usr/local/lpcxpresso_8.2.2_650/lpcxpresso/tools/bin/../lib/gcc/arm-none-eabi/5.4.1/armv7-m/libgcc.a(_aeabi_uldivmod.o) (__aeabi_ldiv0)
/usr/local/lpcxpresso_8.2.2_650/lpcxpresso/tools/bin/../lib/gcc/arm-none-eabi/5.4.1/../../../../arm-none-eabi/lib/armv7-m/libc.a(lib_a-memset.o)
                              /home/pedro/LPCXpresso/workspace/Lib_EaBaseBoard/Debug/libLib_EaBaseBoard.a(oled.o) (memset)
/usr/local/lpcxpresso_8.2.2_650/lpcxpresso/tools/bin/../lib/gcc/arm-none-eabi/5.4.1/../../../../arm-none-eabi/lib/armv7-m/libc.a(lib_a-strlen-stub.o)
                              /home/pedro/LPCXpresso/workspace/Lib_MCU/Debug/libLib_MCU.a(lpc17xx_uart.o) (strlen)

Discarded input sections

 .group         0x00000000        0x8 ./src/cr_startup_lpc17.o
 .group         0x00000000        0x8 ./src/cr_startup_lpc17.o
 .group         0x00000000        0x8 ./src/cr_startup_lpc17.o
 .group         0x00000000        0x8 ./src/cr_startup_lpc17.o
 .group         0x00000000        0x8 ./src/cr_startup_lpc17.o
 .group         0x00000000        0x8 ./src/cr_startup_lpc17.o
 .group         0x00000000        0x8 ./src/cr_startup_lpc17.o
 .text          0x00000000        0x0 ./src/cr_startup_lpc17.o
 .data          0x00000000        0x0 ./src/cr_startup_lpc17.o
 .bss           0x00000000        0x0 ./src/cr_startup_lpc17.o
 .text.SysTick_Handler
                0x00000000        0x8 ./src/cr_startup_lpc17.o
 .group         0x00000000        0x8 ./src/main.o
 .group         0x00000000        0x8 ./src/main.o
 .group         0x00000000        0x8 ./src/main.o
 .group         0x00000000        0x8 ./src/main.o
 .group         0x00000000        0x8 ./src/main.o
 .group         0x00000000        0x8 ./src/main.o
 .group         0x00000000        0x8 ./src/main.o
 .group         0x00000000        0x8 ./src/main.o
 .group         0x00000000        0x8 ./src/main.o
 .group         0x00000000        0x8 ./src/main.o
 .group         0x00000000        0x8 ./src/main.o
 .group         0x00000000        0x8 ./src/main.o
 .group         0x00000000        0x8 ./src/main.o
 .group         0x00000000        0x8 ./src/main.o
 .group         0x00000000        0x8 ./src/main.o
 .group         0x00000000        0x8 ./src/main.o
 .group         0x00000000        0x8 ./src/main.o
 .group         0x00000000        0x8 ./src/main.o
 .group         0x00000000        0x8 ./src/main.o
 .group         0x00000000        0x8 ./src/main.o
 .text          0x00000000        0x0 ./src/main.o
 .debug_macro   0x00000000      0x886 ./src/main.o
 .debug_macro   0x00000000       0x22 ./src/main.o
 .debug_macro   0x00000000       0x87 ./src/main.o
 .debug_macro   0x00000000       0x44 ./src/main.o
 .debug_macro   0x00000000       0xfd ./src/main.o
 .debug_macro   0x00000000       0x5e ./src/main.o
 .debug_macro   0x00000000      0x1df ./src/main.o
 .group         0x00000000        0x8 /home/pedro/LPCXpresso/workspace/Lib_CMSISv1p30_LPC17xx/Debug/libCMSISv1p30_LPC17xx.a(system_LPC17xx.o)
 .group         0x00000000        0x8 /home/pedro/LPCXpresso/workspace/Lib_CMSISv1p30_LPC17xx/Debug/libCMSISv1p30_LPC17xx.a(system_LPC17xx.o)
 .group         0x00000000        0x8 /home/pedro/LPCXpresso/workspace/Lib_CMSISv1p30_LPC17xx/Debug/libCMSISv1p30_LPC17xx.a(system_LPC17xx.o)
 .group         0x00000000        0x8 /home/pedro/LPCXpresso/workspace/Lib_CMSISv1p30_LPC17xx/Debug/libCMSISv1p30_LPC17xx.a(system_LPC17xx.o)
 .group         0x00000000        0x8 /home/pedro/LPCXpresso/workspace/Lib_CMSISv1p30_LPC17xx/Debug/libCMSISv1p30_LPC17xx.a(system_LPC17xx.o)
 .group         0x00000000        0x8 /home/pedro/LPCXpresso/workspace/Lib_CMSISv1p30_LPC17xx/Debug/libCMSISv1p30_LPC17xx.a(system_LPC17xx.o)
 .group         0x00000000        0x8 /home/pedro/LPCXpresso/workspace/Lib_CMSISv1p30_LPC17xx/Debug/libCMSISv1p30_LPC17xx.a(system_LPC17xx.o)
 .text          0x00000000        0x0 /home/pedro/LPCXpresso/workspace/Lib_CMSISv1p30_LPC17xx/Debug/libCMSISv1p30_LPC17xx.a(system_LPC17xx.o)
 .bss           0x00000000        0x0 /home/pedro/LPCXpresso/workspace/Lib_CMSISv1p30_LPC17xx/Debug/libCMSISv1p30_LPC17xx.a(system_LPC17xx.o)
 .text.SystemCoreClockUpdate
                0x00000000      0x284 /home/pedro/LPCXpresso/workspace/Lib_CMSISv1p30_LPC17xx/Debug/libCMSISv1p30_LPC17xx.a(system_LPC17xx.o)
 .debug_macro   0x00000000       0x1c /home/pedro/LPCXpresso/workspace/Lib_CMSISv1p30_LPC17xx/Debug/libCMSISv1p30_LPC17xx.a(system_LPC17xx.o)
 .debug_macro   0x00000000      0x2c7 /home/pedro/LPCXpresso/workspace/Lib_CMSISv1p30_LPC17xx/Debug/libCMSISv1p30_LPC17xx.a(system_LPC17xx.o)
 .group         0x00000000        0x8 /home/pedro/LPCXpresso/workspace/Lib_EaBaseBoard/Debug/libLib_EaBaseBoard.a(light.o)
 .group         0x00000000        0x8 /home/pedro/LPCXpresso/workspace/Lib_EaBaseBoard/Debug/libLib_EaBaseBoard.a(light.o)
 .group         0x00000000        0x8 /home/pedro/LPCXpresso/workspace/Lib_EaBaseBoard/Debug/libLib_EaBaseBoard.a(light.o)
 .group         0x00000000        0x8 /home/pedro/LPCXpresso/workspace/Lib_EaBaseBoard/Debug/libLib_EaBaseBoard.a(light.o)
 .group         0x00000000        0x8 /home/pedro/LPCXpresso/workspace/Lib_EaBaseBoard/Debug/libLib_EaBaseBoard.a(light.o)
 .group         0x00000000        0x8 /home/pedro/LPCXpresso/workspace/Lib_EaBaseBoard/Debug/libLib_EaBaseBoard.a(light.o)
 .group         0x00000000        0x8 /home/pedro/LPCXpresso/workspace/Lib_EaBaseBoard/Debug/libLib_EaBaseBoard.a(light.o)
 .group         0x00000000        0x8 /home/pedro/LPCXpresso/workspace/Lib_EaBaseBoard/Debug/libLib_EaBaseBoard.a(light.o)
 .group         0x00000000        0x8 /home/pedro/LPCXpresso/workspace/Lib_EaBaseBoard/Debug/libLib_EaBaseBoard.a(light.o)
 .group         0x00000000        0x8 /home/pedro/LPCXpresso/workspace/Lib_EaBaseBoard/Debug/libLib_EaBaseBoard.a(light.o)
 .text          0x00000000        0x0 /home/pedro/LPCXpresso/workspace/Lib_EaBaseBoard/Debug/libLib_EaBaseBoard.a(light.o)
 .bss           0x00000000        0x0 /home/pedro/LPCXpresso/workspace/Lib_EaBaseBoard/Debug/libLib_EaBaseBoard.a(light.o)
 .text.light_setMode
                0x00000000       0x48 /home/pedro/LPCXpresso/workspace/Lib_EaBaseBoard/Debug/libLib_EaBaseBoard.a(light.o)
 .text.light_setWidth
                0x00000000       0x88 /home/pedro/LPCXpresso/workspace/Lib_EaBaseBoard/Debug/libLib_EaBaseBoard.a(light.o)
 .text.light_setHiThreshold
                0x00000000       0x4c /home/pedro/LPCXpresso/workspace/Lib_EaBaseBoard/Debug/libLib_EaBaseBoard.a(light.o)
 .text.light_setLoThreshold
                0x00000000       0x4c /home/pedro/LPCXpresso/workspace/Lib_EaBaseBoard/Debug/libLib_EaBaseBoard.a(light.o)
 .text.light_setIrqInCycles
                0x00000000       0x40 /home/pedro/LPCXpresso/workspace/Lib_EaBaseBoard/Debug/libLib_EaBaseBoard.a(light.o)
 .text.light_getIrqStatus
                0x00000000       0x28 /home/pedro/LPCXpresso/workspace/Lib_EaBaseBoard/Debug/libLib_EaBaseBoard.a(light.o)
 .text.light_clearIrqStatus
                0x00000000       0x34 /home/pedro/LPCXpresso/workspace/Lib_EaBaseBoard/Debug/libLib_EaBaseBoard.a(light.o)
 .debug_macro   0x00000000      0x880 /home/pedro/LPCXpresso/workspace/Lib_EaBaseBoard/Debug/libLib_EaBaseBoard.a(light.o)
 .debug_macro   0x00000000       0x1c /home/pedro/LPCXpresso/workspace/Lib_EaBaseBoard/Debug/libLib_EaBaseBoard.a(light.o)
 .debug_macro   0x00000000       0x22 /home/pedro/LPCXpresso/workspace/Lib_EaBaseBoard/Debug/libLib_EaBaseBoard.a(light.o)
 .debug_macro   0x00000000       0x10 /home/pedro/LPCXpresso/workspace/Lib_EaBaseBoard/Debug/libLib_EaBaseBoard.a(light.o)
 .debug_macro   0x00000000      0x12d /home/pedro/LPCXpresso/workspace/Lib_EaBaseBoard/Debug/libLib_EaBaseBoard.a(light.o)
 .debug_macro   0x00000000      0x5b2 /home/pedro/LPCXpresso/workspace/Lib_EaBaseBoard/Debug/libLib_EaBaseBoard.a(light.o)
 .debug_macro   0x00000000      0x7b7 /home/pedro/LPCXpresso/workspace/Lib_EaBaseBoard/Debug/libLib_EaBaseBoard.a(light.o)
 .debug_macro   0x00000000      0x2c7 /home/pedro/LPCXpresso/workspace/Lib_EaBaseBoard/Debug/libLib_EaBaseBoard.a(light.o)
 .debug_macro   0x00000000       0x63 /home/pedro/LPCXpresso/workspace/Lib_EaBaseBoard/Debug/libLib_EaBaseBoard.a(light.o)
 .group         0x00000000        0x8 /home/pedro/LPCXpresso/workspace/Lib_EaBaseBoard/Debug/libLib_EaBaseBoard.a(oled.o)
 .group         0x00000000        0x8 /home/pedro/LPCXpresso/workspace/Lib_EaBaseBoard/Debug/libLib_EaBaseBoard.a(oled.o)
 .group         0x00000000        0x8 /home/pedro/LPCXpresso/workspace/Lib_EaBaseBoard/Debug/libLib_EaBaseBoard.a(oled.o)
 .group         0x00000000        0x8 /home/pedro/LPCXpresso/workspace/Lib_EaBaseBoard/Debug/libLib_EaBaseBoard.a(oled.o)
 .group         0x00000000        0x8 /home/pedro/LPCXpresso/workspace/Lib_EaBaseBoard/Debug/libLib_EaBaseBoard.a(oled.o)
 .group         0x00000000        0x8 /home/pedro/LPCXpresso/workspace/Lib_EaBaseBoard/Debug/libLib_EaBaseBoard.a(oled.o)
 .group         0x00000000        0x8 /home/pedro/LPCXpresso/workspace/Lib_EaBaseBoard/Debug/libLib_EaBaseBoard.a(oled.o)
 .group         0x00000000        0x8 /home/pedro/LPCXpresso/workspace/Lib_EaBaseBoard/Debug/libLib_EaBaseBoard.a(oled.o)
 .group         0x00000000        0x8 /home/pedro/LPCXpresso/workspace/Lib_EaBaseBoard/Debug/libLib_EaBaseBoard.a(oled.o)
 .group         0x00000000        0x8 /home/pedro/LPCXpresso/workspace/Lib_EaBaseBoard/Debug/libLib_EaBaseBoard.a(oled.o)
 .group         0x00000000        0x8 /home/pedro/LPCXpresso/workspace/Lib_EaBaseBoard/Debug/libLib_EaBaseBoard.a(oled.o)
 .group         0x00000000        0x8 /home/pedro/LPCXpresso/workspace/Lib_EaBaseBoard/Debug/libLib_EaBaseBoard.a(oled.o)
 .group         0x00000000        0x8 /home/pedro/LPCXpresso/workspace/Lib_EaBaseBoard/Debug/libLib_EaBaseBoard.a(oled.o)
 .text          0x00000000        0x0 /home/pedro/LPCXpresso/workspace/Lib_EaBaseBoard/Debug/libLib_EaBaseBoard.a(oled.o)
 .data          0x00000000        0x0 /home/pedro/LPCXpresso/workspace/Lib_EaBaseBoard/Debug/libLib_EaBaseBoard.a(oled.o)
 .text.oled_line
                0x00000000      0x1b8 /home/pedro/LPCXpresso/workspace/Lib_EaBaseBoard/Debug/libLib_EaBaseBoard.a(oled.o)
 .text.oled_circle
                0x00000000      0x340 /home/pedro/LPCXpresso/workspace/Lib_EaBaseBoard/Debug/libLib_EaBaseBoard.a(oled.o)
 .text.oled_rect
                0x00000000       0x58 /home/pedro/LPCXpresso/workspace/Lib_EaBaseBoard/Debug/libLib_EaBaseBoard.a(oled.o)
 .debug_macro   0x00000000      0x880 /home/pedro/LPCXpresso/workspace/Lib_EaBaseBoard/Debug/libLib_EaBaseBoard.a(oled.o)
 .debug_macro   0x00000000       0x10 /home/pedro/LPCXpresso/workspace/Lib_EaBaseBoard/Debug/libLib_EaBaseBoard.a(oled.o)
 .debug_macro   0x00000000      0x12d /home/pedro/LPCXpresso/workspace/Lib_EaBaseBoard/Debug/libLib_EaBaseBoard.a(oled.o)
 .debug_macro   0x00000000       0x1c /home/pedro/LPCXpresso/workspace/Lib_EaBaseBoard/Debug/libLib_EaBaseBoard.a(oled.o)
 .debug_macro   0x00000000       0x22 /home/pedro/LPCXpresso/workspace/Lib_EaBaseBoard/Debug/libLib_EaBaseBoard.a(oled.o)
 .debug_macro   0x00000000      0x5b2 /home/pedro/LPCXpresso/workspace/Lib_EaBaseBoard/Debug/libLib_EaBaseBoard.a(oled.o)
 .debug_macro   0x00000000      0x7b7 /home/pedro/LPCXpresso/workspace/Lib_EaBaseBoard/Debug/libLib_EaBaseBoard.a(oled.o)
 .debug_macro   0x00000000      0x2c7 /home/pedro/LPCXpresso/workspace/Lib_EaBaseBoard/Debug/libLib_EaBaseBoard.a(oled.o)
 .debug_macro   0x00000000      0x192 /home/pedro/LPCXpresso/workspace/Lib_EaBaseBoard/Debug/libLib_EaBaseBoard.a(oled.o)
 .debug_macro   0x00000000      0x2af /home/pedro/LPCXpresso/workspace/Lib_EaBaseBoard/Debug/libLib_EaBaseBoard.a(oled.o)
 .debug_macro   0x00000000       0x16 /home/pedro/LPCXpresso/workspace/Lib_EaBaseBoard/Debug/libLib_EaBaseBoard.a(oled.o)
 .group         0x00000000        0x8 /home/pedro/LPCXpresso/workspace/Lib_EaBaseBoard/Debug/libLib_EaBaseBoard.a(font5x7.o)
 .group         0x00000000        0x8 /home/pedro/LPCXpresso/workspace/Lib_EaBaseBoard/Debug/libLib_EaBaseBoard.a(font5x7.o)
 .text          0x00000000        0x0 /home/pedro/LPCXpresso/workspace/Lib_EaBaseBoard/Debug/libLib_EaBaseBoard.a(font5x7.o)
 .data          0x00000000        0x0 /home/pedro/LPCXpresso/workspace/Lib_EaBaseBoard/Debug/libLib_EaBaseBoard.a(font5x7.o)
 .bss           0x00000000        0x0 /home/pedro/LPCXpresso/workspace/Lib_EaBaseBoard/Debug/libLib_EaBaseBoard.a(font5x7.o)
 .debug_macro   0x00000000      0x880 /home/pedro/LPCXpresso/workspace/Lib_EaBaseBoard/Debug/libLib_EaBaseBoard.a(font5x7.o)
 .group         0x00000000        0x8 /home/pedro/LPCXpresso/workspace/Lib_MCU/Debug/libLib_MCU.a(lpc17xx_gpio.o)
 .group         0x00000000        0x8 /home/pedro/LPCXpresso/workspace/Lib_MCU/Debug/libLib_MCU.a(lpc17xx_gpio.o)
 .group         0x00000000        0x8 /home/pedro/LPCXpresso/workspace/Lib_MCU/Debug/libLib_MCU.a(lpc17xx_gpio.o)
 .group         0x00000000        0x8 /home/pedro/LPCXpresso/workspace/Lib_MCU/Debug/libLib_MCU.a(lpc17xx_gpio.o)
 .group         0x00000000        0x8 /home/pedro/LPCXpresso/workspace/Lib_MCU/Debug/libLib_MCU.a(lpc17xx_gpio.o)
 .group         0x00000000        0x8 /home/pedro/LPCXpresso/workspace/Lib_MCU/Debug/libLib_MCU.a(lpc17xx_gpio.o)
 .group         0x00000000        0x8 /home/pedro/LPCXpresso/workspace/Lib_MCU/Debug/libLib_MCU.a(lpc17xx_gpio.o)
 .group         0x00000000        0x8 /home/pedro/LPCXpresso/workspace/Lib_MCU/Debug/libLib_MCU.a(lpc17xx_gpio.o)
 .group         0x00000000        0x8 /home/pedro/LPCXpresso/workspace/Lib_MCU/Debug/libLib_MCU.a(lpc17xx_gpio.o)
 .group         0x00000000        0x8 /home/pedro/LPCXpresso/workspace/Lib_MCU/Debug/libLib_MCU.a(lpc17xx_gpio.o)
 .group         0x00000000        0x8 /home/pedro/LPCXpresso/workspace/Lib_MCU/Debug/libLib_MCU.a(lpc17xx_gpio.o)
 .text          0x00000000        0x0 /home/pedro/LPCXpresso/workspace/Lib_MCU/Debug/libLib_MCU.a(lpc17xx_gpio.o)
 .data          0x00000000        0x0 /home/pedro/LPCXpresso/workspace/Lib_MCU/Debug/libLib_MCU.a(lpc17xx_gpio.o)
 .bss           0x00000000        0x0 /home/pedro/LPCXpresso/workspace/Lib_MCU/Debug/libLib_MCU.a(lpc17xx_gpio.o)
 .text.FIO_HalfWordGetPointer
                0x00000000       0x70 /home/pedro/LPCXpresso/workspace/Lib_MCU/Debug/libLib_MCU.a(lpc17xx_gpio.o)
 .text.FIO_ByteGetPointer
                0x00000000       0x70 /home/pedro/LPCXpresso/workspace/Lib_MCU/Debug/libLib_MCU.a(lpc17xx_gpio.o)
 .text.GPIO_ReadValue
                0x00000000       0x2c /home/pedro/LPCXpresso/workspace/Lib_MCU/Debug/libLib_MCU.a(lpc17xx_gpio.o)
 .text.FIO_SetDir
                0x00000000       0x24 /home/pedro/LPCXpresso/workspace/Lib_MCU/Debug/libLib_MCU.a(lpc17xx_gpio.o)
 .text.FIO_SetValue
                0x00000000       0x20 /home/pedro/LPCXpresso/workspace/Lib_MCU/Debug/libLib_MCU.a(lpc17xx_gpio.o)
 .text.FIO_ClearValue
                0x00000000       0x20 /home/pedro/LPCXpresso/workspace/Lib_MCU/Debug/libLib_MCU.a(lpc17xx_gpio.o)
 .text.FIO_ReadValue
                0x00000000       0x1c /home/pedro/LPCXpresso/workspace/Lib_MCU/Debug/libLib_MCU.a(lpc17xx_gpio.o)
 .text.FIO_SetMask
                0x00000000       0x4c /home/pedro/LPCXpresso/workspace/Lib_MCU/Debug/libLib_MCU.a(lpc17xx_gpio.o)
 .text.FIO_HalfWordSetDir
                0x00000000       0xa4 /home/pedro/LPCXpresso/workspace/Lib_MCU/Debug/libLib_MCU.a(lpc17xx_gpio.o)
 .text.FIO_HalfWordSetMask
                0x00000000       0xa4 /home/pedro/LPCXpresso/workspace/Lib_MCU/Debug/libLib_MCU.a(lpc17xx_gpio.o)
 .text.FIO_HalfWordSetValue
                0x00000000       0x40 /home/pedro/LPCXpresso/workspace/Lib_MCU/Debug/libLib_MCU.a(lpc17xx_gpio.o)
 .text.FIO_HalfWordClearValue
                0x00000000       0x40 /home/pedro/LPCXpresso/workspace/Lib_MCU/Debug/libLib_MCU.a(lpc17xx_gpio.o)
 .text.FIO_HalfWordReadValue
                0x00000000       0x40 /home/pedro/LPCXpresso/workspace/Lib_MCU/Debug/libLib_MCU.a(lpc17xx_gpio.o)
 .text.FIO_ByteSetDir
                0x00000000       0x7c /home/pedro/LPCXpresso/workspace/Lib_MCU/Debug/libLib_MCU.a(lpc17xx_gpio.o)
 .text.FIO_ByteSetMask
                0x00000000       0x88 /home/pedro/LPCXpresso/workspace/Lib_MCU/Debug/libLib_MCU.a(lpc17xx_gpio.o)
 .text.FIO_ByteSetValue
                0x00000000       0x3c /home/pedro/LPCXpresso/workspace/Lib_MCU/Debug/libLib_MCU.a(lpc17xx_gpio.o)
 .text.FIO_ByteClearValue
                0x00000000       0x3c /home/pedro/LPCXpresso/workspace/Lib_MCU/Debug/libLib_MCU.a(lpc17xx_gpio.o)
 .text.FIO_ByteReadValue
                0x00000000       0x3c /home/pedro/LPCXpresso/workspace/Lib_MCU/Debug/libLib_MCU.a(lpc17xx_gpio.o)
 .debug_macro   0x00000000      0x880 /home/pedro/LPCXpresso/workspace/Lib_MCU/Debug/libLib_MCU.a(lpc17xx_gpio.o)
 .debug_macro   0x00000000       0x1c /home/pedro/LPCXpresso/workspace/Lib_MCU/Debug/libLib_MCU.a(lpc17xx_gpio.o)
 .debug_macro   0x00000000       0x22 /home/pedro/LPCXpresso/workspace/Lib_MCU/Debug/libLib_MCU.a(lpc17xx_gpio.o)
 .debug_macro   0x00000000       0x10 /home/pedro/LPCXpresso/workspace/Lib_MCU/Debug/libLib_MCU.a(lpc17xx_gpio.o)
 .debug_macro   0x00000000      0x12d /home/pedro/LPCXpresso/workspace/Lib_MCU/Debug/libLib_MCU.a(lpc17xx_gpio.o)
 .debug_macro   0x00000000      0x5b2 /home/pedro/LPCXpresso/workspace/Lib_MCU/Debug/libLib_MCU.a(lpc17xx_gpio.o)
 .debug_macro   0x00000000      0x7b7 /home/pedro/LPCXpresso/workspace/Lib_MCU/Debug/libLib_MCU.a(lpc17xx_gpio.o)
 .debug_macro   0x00000000      0x2c7 /home/pedro/LPCXpresso/workspace/Lib_MCU/Debug/libLib_MCU.a(lpc17xx_gpio.o)
 .debug_macro   0x00000000       0x63 /home/pedro/LPCXpresso/workspace/Lib_MCU/Debug/libLib_MCU.a(lpc17xx_gpio.o)
 .debug_macro   0x00000000       0x40 /home/pedro/LPCXpresso/workspace/Lib_MCU/Debug/libLib_MCU.a(lpc17xx_gpio.o)
 .group         0x00000000        0x8 /home/pedro/LPCXpresso/workspace/Lib_MCU/Debug/libLib_MCU.a(lpc17xx_i2c.o)
 .group         0x00000000        0x8 /home/pedro/LPCXpresso/workspace/Lib_MCU/Debug/libLib_MCU.a(lpc17xx_i2c.o)
 .group         0x00000000        0x8 /home/pedro/LPCXpresso/workspace/Lib_MCU/Debug/libLib_MCU.a(lpc17xx_i2c.o)
 .group         0x00000000        0x8 /home/pedro/LPCXpresso/workspace/Lib_MCU/Debug/libLib_MCU.a(lpc17xx_i2c.o)
 .group         0x00000000        0x8 /home/pedro/LPCXpresso/workspace/Lib_MCU/Debug/libLib_MCU.a(lpc17xx_i2c.o)
 .group         0x00000000        0x8 /home/pedro/LPCXpresso/workspace/Lib_MCU/Debug/libLib_MCU.a(lpc17xx_i2c.o)
 .group         0x00000000        0x8 /home/pedro/LPCXpresso/workspace/Lib_MCU/Debug/libLib_MCU.a(lpc17xx_i2c.o)
 .group         0x00000000        0x8 /home/pedro/LPCXpresso/workspace/Lib_MCU/Debug/libLib_MCU.a(lpc17xx_i2c.o)
 .group         0x00000000        0x8 /home/pedro/LPCXpresso/workspace/Lib_MCU/Debug/libLib_MCU.a(lpc17xx_i2c.o)
 .group         0x00000000        0x8 /home/pedro/LPCXpresso/workspace/Lib_MCU/Debug/libLib_MCU.a(lpc17xx_i2c.o)
 .group         0x00000000        0x8 /home/pedro/LPCXpresso/workspace/Lib_MCU/Debug/libLib_MCU.a(lpc17xx_i2c.o)
 .group         0x00000000        0x8 /home/pedro/LPCXpresso/workspace/Lib_MCU/Debug/libLib_MCU.a(lpc17xx_i2c.o)
 .group         0x00000000        0x8 /home/pedro/LPCXpresso/workspace/Lib_MCU/Debug/libLib_MCU.a(lpc17xx_i2c.o)
 .text          0x00000000        0x0 /home/pedro/LPCXpresso/workspace/Lib_MCU/Debug/libLib_MCU.a(lpc17xx_i2c.o)
 .data          0x00000000        0x0 /home/pedro/LPCXpresso/workspace/Lib_MCU/Debug/libLib_MCU.a(lpc17xx_i2c.o)
 .text.I2C_SlaveHandler
                0x00000000      0x1ac /home/pedro/LPCXpresso/workspace/Lib_MCU/Debug/libLib_MCU.a(lpc17xx_i2c.o)
 .text.I2C_DeInit
                0x00000000       0x80 /home/pedro/LPCXpresso/workspace/Lib_MCU/Debug/libLib_MCU.a(lpc17xx_i2c.o)
 .text.I2C_SlaveTransferData
                0x00000000      0x218 /home/pedro/LPCXpresso/workspace/Lib_MCU/Debug/libLib_MCU.a(lpc17xx_i2c.o)
 .text.I2C_SetOwnSlaveAddr
                0x00000000       0xfc /home/pedro/LPCXpresso/workspace/Lib_MCU/Debug/libLib_MCU.a(lpc17xx_i2c.o)
 .text.I2C_MonitorModeConfig
                0x00000000       0x84 /home/pedro/LPCXpresso/workspace/Lib_MCU/Debug/libLib_MCU.a(lpc17xx_i2c.o)
 .text.I2C_MonitorModeCmd
                0x00000000       0x7c /home/pedro/LPCXpresso/workspace/Lib_MCU/Debug/libLib_MCU.a(lpc17xx_i2c.o)
 .text.I2C_MonitorGetDatabuffer
                0x00000000       0x48 /home/pedro/LPCXpresso/workspace/Lib_MCU/Debug/libLib_MCU.a(lpc17xx_i2c.o)
 .text.I2C0_StdIntHandler
                0x00000000       0x18 /home/pedro/LPCXpresso/workspace/Lib_MCU/Debug/libLib_MCU.a(lpc17xx_i2c.o)
 .text.I2C1_StdIntHandler
                0x00000000       0x18 /home/pedro/LPCXpresso/workspace/Lib_MCU/Debug/libLib_MCU.a(lpc17xx_i2c.o)
 .text.I2C2_StdIntHandler
                0x00000000       0x18 /home/pedro/LPCXpresso/workspace/Lib_MCU/Debug/libLib_MCU.a(lpc17xx_i2c.o)
 .debug_macro   0x00000000      0x880 /home/pedro/LPCXpresso/workspace/Lib_MCU/Debug/libLib_MCU.a(lpc17xx_i2c.o)
 .debug_macro   0x00000000       0x1c /home/pedro/LPCXpresso/workspace/Lib_MCU/Debug/libLib_MCU.a(lpc17xx_i2c.o)
 .debug_macro   0x00000000       0x22 /home/pedro/LPCXpresso/workspace/Lib_MCU/Debug/libLib_MCU.a(lpc17xx_i2c.o)
 .debug_macro   0x00000000       0x10 /home/pedro/LPCXpresso/workspace/Lib_MCU/Debug/libLib_MCU.a(lpc17xx_i2c.o)
 .debug_macro   0x00000000      0x12d /home/pedro/LPCXpresso/workspace/Lib_MCU/Debug/libLib_MCU.a(lpc17xx_i2c.o)
 .debug_macro   0x00000000      0x5b2 /home/pedro/LPCXpresso/workspace/Lib_MCU/Debug/libLib_MCU.a(lpc17xx_i2c.o)
 .debug_macro   0x00000000      0x7b7 /home/pedro/LPCXpresso/workspace/Lib_MCU/Debug/libLib_MCU.a(lpc17xx_i2c.o)
 .debug_macro   0x00000000      0x2c7 /home/pedro/LPCXpresso/workspace/Lib_MCU/Debug/libLib_MCU.a(lpc17xx_i2c.o)
 .debug_macro   0x00000000       0x63 /home/pedro/LPCXpresso/workspace/Lib_MCU/Debug/libLib_MCU.a(lpc17xx_i2c.o)
 .debug_macro   0x00000000      0x18c /home/pedro/LPCXpresso/workspace/Lib_MCU/Debug/libLib_MCU.a(lpc17xx_i2c.o)
 .debug_macro   0x00000000       0xcb /home/pedro/LPCXpresso/workspace/Lib_MCU/Debug/libLib_MCU.a(lpc17xx_i2c.o)
 .group         0x00000000        0x8 /home/pedro/LPCXpresso/workspace/Lib_MCU/Debug/libLib_MCU.a(lpc17xx_pinsel.o)
 .group         0x00000000        0x8 /home/pedro/LPCXpresso/workspace/Lib_MCU/Debug/libLib_MCU.a(lpc17xx_pinsel.o)
 .group         0x00000000        0x8 /home/pedro/LPCXpresso/workspace/Lib_MCU/Debug/libLib_MCU.a(lpc17xx_pinsel.o)
 .group         0x00000000        0x8 /home/pedro/LPCXpresso/workspace/Lib_MCU/Debug/libLib_MCU.a(lpc17xx_pinsel.o)
 .group         0x00000000        0x8 /home/pedro/LPCXpresso/workspace/Lib_MCU/Debug/libLib_MCU.a(lpc17xx_pinsel.o)
 .group         0x00000000        0x8 /home/pedro/LPCXpresso/workspace/Lib_MCU/Debug/libLib_MCU.a(lpc17xx_pinsel.o)
 .group         0x00000000        0x8 /home/pedro/LPCXpresso/workspace/Lib_MCU/Debug/libLib_MCU.a(lpc17xx_pinsel.o)
 .group         0x00000000        0x8 /home/pedro/LPCXpresso/workspace/Lib_MCU/Debug/libLib_MCU.a(lpc17xx_pinsel.o)
 .group         0x00000000        0x8 /home/pedro/LPCXpresso/workspace/Lib_MCU/Debug/libLib_MCU.a(lpc17xx_pinsel.o)
 .group         0x00000000        0x8 /home/pedro/LPCXpresso/workspace/Lib_MCU/Debug/libLib_MCU.a(lpc17xx_pinsel.o)
 .text          0x00000000        0x0 /home/pedro/LPCXpresso/workspace/Lib_MCU/Debug/libLib_MCU.a(lpc17xx_pinsel.o)
 .data          0x00000000        0x0 /home/pedro/LPCXpresso/workspace/Lib_MCU/Debug/libLib_MCU.a(lpc17xx_pinsel.o)
 .bss           0x00000000        0x0 /home/pedro/LPCXpresso/workspace/Lib_MCU/Debug/libLib_MCU.a(lpc17xx_pinsel.o)
 .text.PINSEL_ConfigTraceFunc
                0x00000000       0x40 /home/pedro/LPCXpresso/workspace/Lib_MCU/Debug/libLib_MCU.a(lpc17xx_pinsel.o)
 .text.PINSEL_SetI2C0Pins
                0x00000000       0x38 /home/pedro/LPCXpresso/workspace/Lib_MCU/Debug/libLib_MCU.a(lpc17xx_pinsel.o)
 .debug_macro   0x00000000      0x880 /home/pedro/LPCXpresso/workspace/Lib_MCU/Debug/libLib_MCU.a(lpc17xx_pinsel.o)
 .debug_macro   0x00000000       0x1c /home/pedro/LPCXpresso/workspace/Lib_MCU/Debug/libLib_MCU.a(lpc17xx_pinsel.o)
 .debug_macro   0x00000000       0x22 /home/pedro/LPCXpresso/workspace/Lib_MCU/Debug/libLib_MCU.a(lpc17xx_pinsel.o)
 .debug_macro   0x00000000       0x10 /home/pedro/LPCXpresso/workspace/Lib_MCU/Debug/libLib_MCU.a(lpc17xx_pinsel.o)
 .debug_macro   0x00000000      0x12d /home/pedro/LPCXpresso/workspace/Lib_MCU/Debug/libLib_MCU.a(lpc17xx_pinsel.o)
 .debug_macro   0x00000000      0x5b2 /home/pedro/LPCXpresso/workspace/Lib_MCU/Debug/libLib_MCU.a(lpc17xx_pinsel.o)
 .debug_macro   0x00000000      0x7b7 /home/pedro/LPCXpresso/workspace/Lib_MCU/Debug/libLib_MCU.a(lpc17xx_pinsel.o)
 .debug_macro   0x00000000      0x2c7 /home/pedro/LPCXpresso/workspace/Lib_MCU/Debug/libLib_MCU.a(lpc17xx_pinsel.o)
 .debug_macro   0x00000000       0x63 /home/pedro/LPCXpresso/workspace/Lib_MCU/Debug/libLib_MCU.a(lpc17xx_pinsel.o)
 .debug_macro   0x00000000      0x143 /home/pedro/LPCXpresso/workspace/Lib_MCU/Debug/libLib_MCU.a(lpc17xx_pinsel.o)
 .group         0x00000000        0x8 /home/pedro/LPCXpresso/workspace/Lib_MCU/Debug/libLib_MCU.a(lpc17xx_ssp.o)
 .group         0x00000000        0x8 /home/pedro/LPCXpresso/workspace/Lib_MCU/Debug/libLib_MCU.a(lpc17xx_ssp.o)
 .group         0x00000000        0x8 /home/pedro/LPCXpresso/workspace/Lib_MCU/Debug/libLib_MCU.a(lpc17xx_ssp.o)
 .group         0x00000000        0x8 /home/pedro/LPCXpresso/workspace/Lib_MCU/Debug/libLib_MCU.a(lpc17xx_ssp.o)
 .group         0x00000000        0x8 /home/pedro/LPCXpresso/workspace/Lib_MCU/Debug/libLib_MCU.a(lpc17xx_ssp.o)
 .group         0x00000000        0x8 /home/pedro/LPCXpresso/workspace/Lib_MCU/Debug/libLib_MCU.a(lpc17xx_ssp.o)
 .group         0x00000000        0x8 /home/pedro/LPCXpresso/workspace/Lib_MCU/Debug/libLib_MCU.a(lpc17xx_ssp.o)
 .group         0x00000000        0x8 /home/pedro/LPCXpresso/workspace/Lib_MCU/Debug/libLib_MCU.a(lpc17xx_ssp.o)
 .group         0x00000000        0x8 /home/pedro/LPCXpresso/workspace/Lib_MCU/Debug/libLib_MCU.a(lpc17xx_ssp.o)
 .group         0x00000000        0x8 /home/pedro/LPCXpresso/workspace/Lib_MCU/Debug/libLib_MCU.a(lpc17xx_ssp.o)
 .group         0x00000000        0x8 /home/pedro/LPCXpresso/workspace/Lib_MCU/Debug/libLib_MCU.a(lpc17xx_ssp.o)
 .group         0x00000000        0x8 /home/pedro/LPCXpresso/workspace/Lib_MCU/Debug/libLib_MCU.a(lpc17xx_ssp.o)
 .text          0x00000000        0x0 /home/pedro/LPCXpresso/workspace/Lib_MCU/Debug/libLib_MCU.a(lpc17xx_ssp.o)
 .data          0x00000000        0x0 /home/pedro/LPCXpresso/workspace/Lib_MCU/Debug/libLib_MCU.a(lpc17xx_ssp.o)
 .text.SSP_DeInit
                0x00000000       0x5c /home/pedro/LPCXpresso/workspace/Lib_MCU/Debug/libLib_MCU.a(lpc17xx_ssp.o)
 .text.SSP_LoopBackCmd
                0x00000000       0x70 /home/pedro/LPCXpresso/workspace/Lib_MCU/Debug/libLib_MCU.a(lpc17xx_ssp.o)
 .text.SSP_SlaveOutputCmd
                0x00000000       0x70 /home/pedro/LPCXpresso/workspace/Lib_MCU/Debug/libLib_MCU.a(lpc17xx_ssp.o)
 .text.SSP_GetStatus
                0x00000000       0x74 /home/pedro/LPCXpresso/workspace/Lib_MCU/Debug/libLib_MCU.a(lpc17xx_ssp.o)
 .text.SSP_IntConfig
                0x00000000       0x84 /home/pedro/LPCXpresso/workspace/Lib_MCU/Debug/libLib_MCU.a(lpc17xx_ssp.o)
 .text.SSP_GetRawIntStatus
                0x00000000       0x6c /home/pedro/LPCXpresso/workspace/Lib_MCU/Debug/libLib_MCU.a(lpc17xx_ssp.o)
 .text.SSP_GetIntStatus
                0x00000000       0x6c /home/pedro/LPCXpresso/workspace/Lib_MCU/Debug/libLib_MCU.a(lpc17xx_ssp.o)
 .text.SSP_ClearIntPending
                0x00000000       0x54 /home/pedro/LPCXpresso/workspace/Lib_MCU/Debug/libLib_MCU.a(lpc17xx_ssp.o)
 .text.SSP_DMACmd
                0x00000000       0x90 /home/pedro/LPCXpresso/workspace/Lib_MCU/Debug/libLib_MCU.a(lpc17xx_ssp.o)
 .text.SSP0_StdIntHandler
                0x00000000       0x18 /home/pedro/LPCXpresso/workspace/Lib_MCU/Debug/libLib_MCU.a(lpc17xx_ssp.o)
 .text.SSP1_StdIntHandler
                0x00000000       0x18 /home/pedro/LPCXpresso/workspace/Lib_MCU/Debug/libLib_MCU.a(lpc17xx_ssp.o)
 .debug_macro   0x00000000      0x880 /home/pedro/LPCXpresso/workspace/Lib_MCU/Debug/libLib_MCU.a(lpc17xx_ssp.o)
 .debug_macro   0x00000000       0x1c /home/pedro/LPCXpresso/workspace/Lib_MCU/Debug/libLib_MCU.a(lpc17xx_ssp.o)
 .debug_macro   0x00000000       0x22 /home/pedro/LPCXpresso/workspace/Lib_MCU/Debug/libLib_MCU.a(lpc17xx_ssp.o)
 .debug_macro   0x00000000       0x10 /home/pedro/LPCXpresso/workspace/Lib_MCU/Debug/libLib_MCU.a(lpc17xx_ssp.o)
 .debug_macro   0x00000000      0x12d /home/pedro/LPCXpresso/workspace/Lib_MCU/Debug/libLib_MCU.a(lpc17xx_ssp.o)
 .debug_macro   0x00000000      0x5b2 /home/pedro/LPCXpresso/workspace/Lib_MCU/Debug/libLib_MCU.a(lpc17xx_ssp.o)
 .debug_macro   0x00000000      0x7b7 /home/pedro/LPCXpresso/workspace/Lib_MCU/Debug/libLib_MCU.a(lpc17xx_ssp.o)
 .debug_macro   0x00000000      0x2c7 /home/pedro/LPCXpresso/workspace/Lib_MCU/Debug/libLib_MCU.a(lpc17xx_ssp.o)
 .debug_macro   0x00000000       0x63 /home/pedro/LPCXpresso/workspace/Lib_MCU/Debug/libLib_MCU.a(lpc17xx_ssp.o)
 .debug_macro   0x00000000      0x2fe /home/pedro/LPCXpresso/workspace/Lib_MCU/Debug/libLib_MCU.a(lpc17xx_ssp.o)
 .debug_macro   0x00000000       0xcb /home/pedro/LPCXpresso/workspace/Lib_MCU/Debug/libLib_MCU.a(lpc17xx_ssp.o)
 .group         0x00000000        0x8 /home/pedro/LPCXpresso/workspace/Lib_MCU/Debug/libLib_MCU.a(lpc17xx_timer.o)
 .group         0x00000000        0x8 /home/pedro/LPCXpresso/workspace/Lib_MCU/Debug/libLib_MCU.a(lpc17xx_timer.o)
 .group         0x00000000        0x8 /home/pedro/LPCXpresso/workspace/Lib_MCU/Debug/libLib_MCU.a(lpc17xx_timer.o)
 .group         0x00000000        0x8 /home/pedro/LPCXpresso/workspace/Lib_MCU/Debug/libLib_MCU.a(lpc17xx_timer.o)
 .group         0x00000000        0x8 /home/pedro/LPCXpresso/workspace/Lib_MCU/Debug/libLib_MCU.a(lpc17xx_timer.o)
 .group         0x00000000        0x8 /home/pedro/LPCXpresso/workspace/Lib_MCU/Debug/libLib_MCU.a(lpc17xx_timer.o)
 .group         0x00000000        0x8 /home/pedro/LPCXpresso/workspace/Lib_MCU/Debug/libLib_MCU.a(lpc17xx_timer.o)
 .group         0x00000000        0x8 /home/pedro/LPCXpresso/workspace/Lib_MCU/Debug/libLib_MCU.a(lpc17xx_timer.o)
 .group         0x00000000        0x8 /home/pedro/LPCXpresso/workspace/Lib_MCU/Debug/libLib_MCU.a(lpc17xx_timer.o)
 .group         0x00000000        0x8 /home/pedro/LPCXpresso/workspace/Lib_MCU/Debug/libLib_MCU.a(lpc17xx_timer.o)
 .group         0x00000000        0x8 /home/pedro/LPCXpresso/workspace/Lib_MCU/Debug/libLib_MCU.a(lpc17xx_timer.o)
 .group         0x00000000        0x8 /home/pedro/LPCXpresso/workspace/Lib_MCU/Debug/libLib_MCU.a(lpc17xx_timer.o)
 .group         0x00000000        0x8 /home/pedro/LPCXpresso/workspace/Lib_MCU/Debug/libLib_MCU.a(lpc17xx_timer.o)
 .text          0x00000000        0x0 /home/pedro/LPCXpresso/workspace/Lib_MCU/Debug/libLib_MCU.a(lpc17xx_timer.o)
 .data          0x00000000        0x0 /home/pedro/LPCXpresso/workspace/Lib_MCU/Debug/libLib_MCU.a(lpc17xx_timer.o)
 .bss           0x00000000        0x0 /home/pedro/LPCXpresso/workspace/Lib_MCU/Debug/libLib_MCU.a(lpc17xx_timer.o)
 .text.TIM_GetIntCaptureStatus
                0x00000000       0x9c /home/pedro/LPCXpresso/workspace/Lib_MCU/Debug/libLib_MCU.a(lpc17xx_timer.o)
 .text.TIM_ClearIntCapturePending
                0x00000000       0x8c /home/pedro/LPCXpresso/workspace/Lib_MCU/Debug/libLib_MCU.a(lpc17xx_timer.o)
 .text.TIM_ConfigStructInit
                0x00000000       0x38 /home/pedro/LPCXpresso/workspace/Lib_MCU/Debug/libLib_MCU.a(lpc17xx_timer.o)
 .text.TIM_DeInit
                0x00000000       0x9c /home/pedro/LPCXpresso/workspace/Lib_MCU/Debug/libLib_MCU.a(lpc17xx_timer.o)
 .text.TIM_ResetCounter
                0x00000000       0x64 /home/pedro/LPCXpresso/workspace/Lib_MCU/Debug/libLib_MCU.a(lpc17xx_timer.o)
 .text.TIM_ConfigCapture
                0x00000000       0xdc /home/pedro/LPCXpresso/workspace/Lib_MCU/Debug/libLib_MCU.a(lpc17xx_timer.o)
 .text.TIM_GetCaptureValue
                0x00000000       0x74 /home/pedro/LPCXpresso/workspace/Lib_MCU/Debug/libLib_MCU.a(lpc17xx_timer.o)
 .text.Timer0_us_Wait
                0x00000000       0x74 /home/pedro/LPCXpresso/workspace/Lib_MCU/Debug/libLib_MCU.a(lpc17xx_timer.o)
 .debug_macro   0x00000000      0x880 /home/pedro/LPCXpresso/workspace/Lib_MCU/Debug/libLib_MCU.a(lpc17xx_timer.o)
 .debug_macro   0x00000000       0x1c /home/pedro/LPCXpresso/workspace/Lib_MCU/Debug/libLib_MCU.a(lpc17xx_timer.o)
 .debug_macro   0x00000000       0x22 /home/pedro/LPCXpresso/workspace/Lib_MCU/Debug/libLib_MCU.a(lpc17xx_timer.o)
 .debug_macro   0x00000000       0x10 /home/pedro/LPCXpresso/workspace/Lib_MCU/Debug/libLib_MCU.a(lpc17xx_timer.o)
 .debug_macro   0x00000000      0x12d /home/pedro/LPCXpresso/workspace/Lib_MCU/Debug/libLib_MCU.a(lpc17xx_timer.o)
 .debug_macro   0x00000000      0x5b2 /home/pedro/LPCXpresso/workspace/Lib_MCU/Debug/libLib_MCU.a(lpc17xx_timer.o)
 .debug_macro   0x00000000      0x7b7 /home/pedro/LPCXpresso/workspace/Lib_MCU/Debug/libLib_MCU.a(lpc17xx_timer.o)
 .debug_macro   0x00000000      0x2c7 /home/pedro/LPCXpresso/workspace/Lib_MCU/Debug/libLib_MCU.a(lpc17xx_timer.o)
 .debug_macro   0x00000000       0x63 /home/pedro/LPCXpresso/workspace/Lib_MCU/Debug/libLib_MCU.a(lpc17xx_timer.o)
 .debug_macro   0x00000000      0x2fe /home/pedro/LPCXpresso/workspace/Lib_MCU/Debug/libLib_MCU.a(lpc17xx_timer.o)
 .debug_macro   0x00000000      0x149 /home/pedro/LPCXpresso/workspace/Lib_MCU/Debug/libLib_MCU.a(lpc17xx_timer.o)
 .debug_macro   0x00000000       0xcb /home/pedro/LPCXpresso/workspace/Lib_MCU/Debug/libLib_MCU.a(lpc17xx_timer.o)
 .group         0x00000000        0x8 /home/pedro/LPCXpresso/workspace/Lib_MCU/Debug/libLib_MCU.a(lpc17xx_uart.o)
 .group         0x00000000        0x8 /home/pedro/LPCXpresso/workspace/Lib_MCU/Debug/libLib_MCU.a(lpc17xx_uart.o)
 .group         0x00000000        0x8 /home/pedro/LPCXpresso/workspace/Lib_MCU/Debug/libLib_MCU.a(lpc17xx_uart.o)
 .group         0x00000000        0x8 /home/pedro/LPCXpresso/workspace/Lib_MCU/Debug/libLib_MCU.a(lpc17xx_uart.o)
 .group         0x00000000        0x8 /home/pedro/LPCXpresso/workspace/Lib_MCU/Debug/libLib_MCU.a(lpc17xx_uart.o)
 .group         0x00000000        0x8 /home/pedro/LPCXpresso/workspace/Lib_MCU/Debug/libLib_MCU.a(lpc17xx_uart.o)
 .group         0x00000000        0x8 /home/pedro/LPCXpresso/workspace/Lib_MCU/Debug/libLib_MCU.a(lpc17xx_uart.o)
 .group         0x00000000        0x8 /home/pedro/LPCXpresso/workspace/Lib_MCU/Debug/libLib_MCU.a(lpc17xx_uart.o)
 .group         0x00000000        0x8 /home/pedro/LPCXpresso/workspace/Lib_MCU/Debug/libLib_MCU.a(lpc17xx_uart.o)
 .group         0x00000000        0x8 /home/pedro/LPCXpresso/workspace/Lib_MCU/Debug/libLib_MCU.a(lpc17xx_uart.o)
 .group         0x00000000        0x8 /home/pedro/LPCXpresso/workspace/Lib_MCU/Debug/libLib_MCU.a(lpc17xx_uart.o)
 .group         0x00000000        0x8 /home/pedro/LPCXpresso/workspace/Lib_MCU/Debug/libLib_MCU.a(lpc17xx_uart.o)
 .text          0x00000000        0x0 /home/pedro/LPCXpresso/workspace/Lib_MCU/Debug/libLib_MCU.a(lpc17xx_uart.o)
 .data          0x00000000        0x0 /home/pedro/LPCXpresso/workspace/Lib_MCU/Debug/libLib_MCU.a(lpc17xx_uart.o)
 .bss           0x00000000       0x44 /home/pedro/LPCXpresso/workspace/Lib_MCU/Debug/libLib_MCU.a(lpc17xx_uart.o)
 .text.getUartNum
                0x00000000       0x44 /home/pedro/LPCXpresso/workspace/Lib_MCU/Debug/libLib_MCU.a(lpc17xx_uart.o)
 .text.UART_GenIntHandler
                0x00000000      0x168 /home/pedro/LPCXpresso/workspace/Lib_MCU/Debug/libLib_MCU.a(lpc17xx_uart.o)
 .text.UART_DeInit
                0x00000000       0x9c /home/pedro/LPCXpresso/workspace/Lib_MCU/Debug/libLib_MCU.a(lpc17xx_uart.o)
 .text.UART_ConfigStructInit
                0x00000000       0x2c /home/pedro/LPCXpresso/workspace/Lib_MCU/Debug/libLib_MCU.a(lpc17xx_uart.o)
 .text.UART_ForceBreak
                0x00000000       0x78 /home/pedro/LPCXpresso/workspace/Lib_MCU/Debug/libLib_MCU.a(lpc17xx_uart.o)
 .text.UART_IrDAInvtInputCmd
                0x00000000       0x7c /home/pedro/LPCXpresso/workspace/Lib_MCU/Debug/libLib_MCU.a(lpc17xx_uart.o)
 .text.UART_IrDACmd
                0x00000000       0x74 /home/pedro/LPCXpresso/workspace/Lib_MCU/Debug/libLib_MCU.a(lpc17xx_uart.o)
 .text.UART_IrDAPulseDivConfig
                0x00000000       0x9c /home/pedro/LPCXpresso/workspace/Lib_MCU/Debug/libLib_MCU.a(lpc17xx_uart.o)
 .text.UART_IntConfig
                0x00000000      0x184 /home/pedro/LPCXpresso/workspace/Lib_MCU/Debug/libLib_MCU.a(lpc17xx_uart.o)
 .text.UART_GetLineStatus
                0x00000000       0x64 /home/pedro/LPCXpresso/workspace/Lib_MCU/Debug/libLib_MCU.a(lpc17xx_uart.o)
 .text.UART_CheckBusy
                0x00000000       0x28 /home/pedro/LPCXpresso/workspace/Lib_MCU/Debug/libLib_MCU.a(lpc17xx_uart.o)
 .text.UART_FIFOConfig
                0x00000000      0x158 /home/pedro/LPCXpresso/workspace/Lib_MCU/Debug/libLib_MCU.a(lpc17xx_uart.o)
 .text.UART_FIFOConfigStructInit
                0x00000000       0x2c /home/pedro/LPCXpresso/workspace/Lib_MCU/Debug/libLib_MCU.a(lpc17xx_uart.o)
 .text.UART_ABCmd
                0x00000000      0x134 /home/pedro/LPCXpresso/workspace/Lib_MCU/Debug/libLib_MCU.a(lpc17xx_uart.o)
 .text.UART_FullModemForcePinState
                0x00000000       0xac /home/pedro/LPCXpresso/workspace/Lib_MCU/Debug/libLib_MCU.a(lpc17xx_uart.o)
 .text.UART_FullModemConfigMode
                0x00000000       0xb8 /home/pedro/LPCXpresso/workspace/Lib_MCU/Debug/libLib_MCU.a(lpc17xx_uart.o)
 .text.UART_FullModemGetStatus
                0x00000000       0x30 /home/pedro/LPCXpresso/workspace/Lib_MCU/Debug/libLib_MCU.a(lpc17xx_uart.o)
 .text.UART_RS485Config
                0x00000000      0x184 /home/pedro/LPCXpresso/workspace/Lib_MCU/Debug/libLib_MCU.a(lpc17xx_uart.o)
 .text.UART_RS485ReceiverCmd
                0x00000000       0x48 /home/pedro/LPCXpresso/workspace/Lib_MCU/Debug/libLib_MCU.a(lpc17xx_uart.o)
 .text.UART_RS485Send
                0x00000000       0x7c /home/pedro/LPCXpresso/workspace/Lib_MCU/Debug/libLib_MCU.a(lpc17xx_uart.o)
 .text.UART_RS485SendSlvAddr
                0x00000000       0x20 /home/pedro/LPCXpresso/workspace/Lib_MCU/Debug/libLib_MCU.a(lpc17xx_uart.o)
 .text.UART_RS485SendData
                0x00000000       0x24 /home/pedro/LPCXpresso/workspace/Lib_MCU/Debug/libLib_MCU.a(lpc17xx_uart.o)
 .text.UART_SetupCbs
                0x00000000       0x90 /home/pedro/LPCXpresso/workspace/Lib_MCU/Debug/libLib_MCU.a(lpc17xx_uart.o)
 .text.UART0_StdIntHandler
                0x00000000       0x14 /home/pedro/LPCXpresso/workspace/Lib_MCU/Debug/libLib_MCU.a(lpc17xx_uart.o)
 .text.UART1_StdIntHandler
                0x00000000       0x14 /home/pedro/LPCXpresso/workspace/Lib_MCU/Debug/libLib_MCU.a(lpc17xx_uart.o)
 .text.UART2_StdIntHandler
                0x00000000       0x14 /home/pedro/LPCXpresso/workspace/Lib_MCU/Debug/libLib_MCU.a(lpc17xx_uart.o)
 .text.UART3_StdIntHandler
                0x00000000       0x14 /home/pedro/LPCXpresso/workspace/Lib_MCU/Debug/libLib_MCU.a(lpc17xx_uart.o)
 .debug_macro   0x00000000      0x880 /home/pedro/LPCXpresso/workspace/Lib_MCU/Debug/libLib_MCU.a(lpc17xx_uart.o)
 .debug_macro   0x00000000       0x1c /home/pedro/LPCXpresso/workspace/Lib_MCU/Debug/libLib_MCU.a(lpc17xx_uart.o)
 .debug_macro   0x00000000       0x22 /home/pedro/LPCXpresso/workspace/Lib_MCU/Debug/libLib_MCU.a(lpc17xx_uart.o)
 .debug_macro   0x00000000       0x10 /home/pedro/LPCXpresso/workspace/Lib_MCU/Debug/libLib_MCU.a(lpc17xx_uart.o)
 .debug_macro   0x00000000      0x12d /home/pedro/LPCXpresso/workspace/Lib_MCU/Debug/libLib_MCU.a(lpc17xx_uart.o)
 .debug_macro   0x00000000      0x5b2 /home/pedro/LPCXpresso/workspace/Lib_MCU/Debug/libLib_MCU.a(lpc17xx_uart.o)
 .debug_macro   0x00000000      0x7b7 /home/pedro/LPCXpresso/workspace/Lib_MCU/Debug/libLib_MCU.a(lpc17xx_uart.o)
 .debug_macro   0x00000000      0x2c7 /home/pedro/LPCXpresso/workspace/Lib_MCU/Debug/libLib_MCU.a(lpc17xx_uart.o)
 .debug_macro   0x00000000       0x63 /home/pedro/LPCXpresso/workspace/Lib_MCU/Debug/libLib_MCU.a(lpc17xx_uart.o)
 .debug_macro   0x00000000      0x2fe /home/pedro/LPCXpresso/workspace/Lib_MCU/Debug/libLib_MCU.a(lpc17xx_uart.o)
 .debug_macro   0x00000000       0xcb /home/pedro/LPCXpresso/workspace/Lib_MCU/Debug/libLib_MCU.a(lpc17xx_uart.o)
 .group         0x00000000        0x8 /home/pedro/LPCXpresso/workspace/Lib_MCU/Debug/libLib_MCU.a(lpc17xx_clkpwr.o)
 .group         0x00000000        0x8 /home/pedro/LPCXpresso/workspace/Lib_MCU/Debug/libLib_MCU.a(lpc17xx_clkpwr.o)
 .group         0x00000000        0x8 /home/pedro/LPCXpresso/workspace/Lib_MCU/Debug/libLib_MCU.a(lpc17xx_clkpwr.o)
 .group         0x00000000        0x8 /home/pedro/LPCXpresso/workspace/Lib_MCU/Debug/libLib_MCU.a(lpc17xx_clkpwr.o)
 .group         0x00000000        0x8 /home/pedro/LPCXpresso/workspace/Lib_MCU/Debug/libLib_MCU.a(lpc17xx_clkpwr.o)
 .group         0x00000000        0x8 /home/pedro/LPCXpresso/workspace/Lib_MCU/Debug/libLib_MCU.a(lpc17xx_clkpwr.o)
 .group         0x00000000        0x8 /home/pedro/LPCXpresso/workspace/Lib_MCU/Debug/libLib_MCU.a(lpc17xx_clkpwr.o)
 .group         0x00000000        0x8 /home/pedro/LPCXpresso/workspace/Lib_MCU/Debug/libLib_MCU.a(lpc17xx_clkpwr.o)
 .group         0x00000000        0x8 /home/pedro/LPCXpresso/workspace/Lib_MCU/Debug/libLib_MCU.a(lpc17xx_clkpwr.o)
 .group         0x00000000        0x8 /home/pedro/LPCXpresso/workspace/Lib_MCU/Debug/libLib_MCU.a(lpc17xx_clkpwr.o)
 .text          0x00000000        0x0 /home/pedro/LPCXpresso/workspace/Lib_MCU/Debug/libLib_MCU.a(lpc17xx_clkpwr.o)
 .data          0x00000000        0x0 /home/pedro/LPCXpresso/workspace/Lib_MCU/Debug/libLib_MCU.a(lpc17xx_clkpwr.o)
 .bss           0x00000000        0x0 /home/pedro/LPCXpresso/workspace/Lib_MCU/Debug/libLib_MCU.a(lpc17xx_clkpwr.o)
 .text.__WFI    0x00000000       0x10 /home/pedro/LPCXpresso/workspace/Lib_MCU/Debug/libLib_MCU.a(lpc17xx_clkpwr.o)
 .text.CLKPWR_Sleep
                0x00000000       0x18 /home/pedro/LPCXpresso/workspace/Lib_MCU/Debug/libLib_MCU.a(lpc17xx_clkpwr.o)
 .text.CLKPWR_DeepSleep
                0x00000000       0x24 /home/pedro/LPCXpresso/workspace/Lib_MCU/Debug/libLib_MCU.a(lpc17xx_clkpwr.o)
 .text.CLKPWR_PowerDown
                0x00000000       0x24 /home/pedro/LPCXpresso/workspace/Lib_MCU/Debug/libLib_MCU.a(lpc17xx_clkpwr.o)
 .text.CLKPWR_DeepPowerDown
                0x00000000       0x24 /home/pedro/LPCXpresso/workspace/Lib_MCU/Debug/libLib_MCU.a(lpc17xx_clkpwr.o)
 .debug_macro   0x00000000      0x880 /home/pedro/LPCXpresso/workspace/Lib_MCU/Debug/libLib_MCU.a(lpc17xx_clkpwr.o)
 .debug_macro   0x00000000       0x1c /home/pedro/LPCXpresso/workspace/Lib_MCU/Debug/libLib_MCU.a(lpc17xx_clkpwr.o)
 .debug_macro   0x00000000       0x22 /home/pedro/LPCXpresso/workspace/Lib_MCU/Debug/libLib_MCU.a(lpc17xx_clkpwr.o)
 .debug_macro   0x00000000       0x10 /home/pedro/LPCXpresso/workspace/Lib_MCU/Debug/libLib_MCU.a(lpc17xx_clkpwr.o)
 .debug_macro   0x00000000      0x12d /home/pedro/LPCXpresso/workspace/Lib_MCU/Debug/libLib_MCU.a(lpc17xx_clkpwr.o)
 .debug_macro   0x00000000      0x5b2 /home/pedro/LPCXpresso/workspace/Lib_MCU/Debug/libLib_MCU.a(lpc17xx_clkpwr.o)
 .debug_macro   0x00000000      0x7b7 /home/pedro/LPCXpresso/workspace/Lib_MCU/Debug/libLib_MCU.a(lpc17xx_clkpwr.o)
 .debug_macro   0x00000000      0x2c7 /home/pedro/LPCXpresso/workspace/Lib_MCU/Debug/libLib_MCU.a(lpc17xx_clkpwr.o)
 .debug_macro   0x00000000       0x63 /home/pedro/LPCXpresso/workspace/Lib_MCU/Debug/libLib_MCU.a(lpc17xx_clkpwr.o)
 .data          0x00000000        0x0 /usr/local/lpcxpresso_8.2.2_650/lpcxpresso/tools/bin/../lib/gcc/arm-none-eabi/5.4.1/armv7-m/libgcc.a(_aeabi_uldivmod.o)
 .bss           0x00000000        0x0 /usr/local/lpcxpresso_8.2.2_650/lpcxpresso/tools/bin/../lib/gcc/arm-none-eabi/5.4.1/armv7-m/libgcc.a(_aeabi_uldivmod.o)
 .data          0x00000000        0x0 /usr/local/lpcxpresso_8.2.2_650/lpcxpresso/tools/bin/../lib/gcc/arm-none-eabi/5.4.1/armv7-m/libgcc.a(_udivmoddi4.o)
 .bss           0x00000000        0x0 /usr/local/lpcxpresso_8.2.2_650/lpcxpresso/tools/bin/../lib/gcc/arm-none-eabi/5.4.1/armv7-m/libgcc.a(_udivmoddi4.o)
 .ARM.extab     0x00000000        0x0 /usr/local/lpcxpresso_8.2.2_650/lpcxpresso/tools/bin/../lib/gcc/arm-none-eabi/5.4.1/armv7-m/libgcc.a(_udivmoddi4.o)
 .data          0x00000000        0x0 /usr/local/lpcxpresso_8.2.2_650/lpcxpresso/tools/bin/../lib/gcc/arm-none-eabi/5.4.1/armv7-m/libgcc.a(_dvmd_tls.o)
 .bss           0x00000000        0x0 /usr/local/lpcxpresso_8.2.2_650/lpcxpresso/tools/bin/../lib/gcc/arm-none-eabi/5.4.1/armv7-m/libgcc.a(_dvmd_tls.o)
 .text          0x00000000        0x0 /usr/local/lpcxpresso_8.2.2_650/lpcxpresso/tools/bin/../lib/gcc/arm-none-eabi/5.4.1/../../../../arm-none-eabi/lib/armv7-m/libc.a(lib_a-memset.o)
 .data          0x00000000        0x0 /usr/local/lpcxpresso_8.2.2_650/lpcxpresso/tools/bin/../lib/gcc/arm-none-eabi/5.4.1/../../../../arm-none-eabi/lib/armv7-m/libc.a(lib_a-memset.o)
 .bss           0x00000000        0x0 /usr/local/lpcxpresso_8.2.2_650/lpcxpresso/tools/bin/../lib/gcc/arm-none-eabi/5.4.1/../../../../arm-none-eabi/lib/armv7-m/libc.a(lib_a-memset.o)
 .text          0x00000000        0x0 /usr/local/lpcxpresso_8.2.2_650/lpcxpresso/tools/bin/../lib/gcc/arm-none-eabi/5.4.1/../../../../arm-none-eabi/lib/armv7-m/libc.a(lib_a-strlen-stub.o)
 .data          0x00000000        0x0 /usr/local/lpcxpresso_8.2.2_650/lpcxpresso/tools/bin/../lib/gcc/arm-none-eabi/5.4.1/../../../../arm-none-eabi/lib/armv7-m/libc.a(lib_a-strlen-stub.o)
 .bss           0x00000000        0x0 /usr/local/lpcxpresso_8.2.2_650/lpcxpresso/tools/bin/../lib/gcc/arm-none-eabi/5.4.1/../../../../arm-none-eabi/lib/armv7-m/libc.a(lib_a-strlen-stub.o)

Memory Configuration

Name             Origin             Length             Attributes
MFlash512        0x00000000         0x00080000         xr
RamLoc32         0x10000000         0x00008000         xrw
RamAHB32         0x2007c000         0x00008000         xrw
*default*        0x00000000         0xffffffff

Linker script and memory map

LOAD ./src/cr_startup_lpc17.o
LOAD ./src/main.o
LOAD /home/pedro/LPCXpresso/workspace/Lib_CMSISv1p30_LPC17xx/Debug/libCMSISv1p30_LPC17xx.a
LOAD /home/pedro/LPCXpresso/workspace/Lib_EaBaseBoard/Debug/libLib_EaBaseBoard.a
LOAD /home/pedro/LPCXpresso/workspace/Lib_MCU/Debug/libLib_MCU.a
START GROUP
LOAD /usr/local/lpcxpresso_8.2.2_650/lpcxpresso/tools/bin/../lib/gcc/arm-none-eabi/5.4.1/armv7-m/libgcc.a
LOAD /usr/local/lpcxpresso_8.2.2_650/lpcxpresso/tools/bin/../lib/gcc/arm-none-eabi/5.4.1/../../../../arm-none-eabi/lib/armv7-m/libc.a
LOAD /usr/local/lpcxpresso_8.2.2_650/lpcxpresso/tools/bin/../lib/gcc/arm-none-eabi/5.4.1/../../../../arm-none-eabi/lib/armv7-m/libm.a
LOAD /usr/local/lpcxpresso_8.2.2_650/lpcxpresso/tools/bin/../lib/gcc/arm-none-eabi/5.4.1/../../../../arm-none-eabi/lib/armv7-m/libcr_newlib_semihost.a
END GROUP
                0x00000000                __base_MFlash512 = 0x0
                0x00000000                __base_Flash = 0x0
                0x00080000                __top_MFlash512 = 0x80000
                0x00080000                __top_Flash = 0x80000
                0x10000000                __base_RamLoc32 = 0x10000000
                0x10000000                __base_RAM = 0x10000000
                0x10008000                __top_RamLoc32 = 0x10008000
                0x10008000                __top_RAM = 0x10008000
                0x2007c000                __base_RamAHB32 = 0x2007c000
                0x2007c000                __base_RAM2 = 0x2007c000
                0x20084000                __top_RamAHB32 = 0x20084000
                0x20084000                __top_RAM2 = 0x20084000

.text           0x00000000     0x4370
 FILL mask 0xff
                0x00000000                __vectors_start__ = ABSOLUTE (.)
 *(.isr_vector)
 .isr_vector    0x00000000       0xcc ./src/cr_startup_lpc17.o
                0x00000000                g_pfnVectors
                0x000000cc                . = ALIGN (0x4)
                0x000000cc                __section_table_start = .
                0x000000cc                __data_section_table = .
                0x000000cc        0x4 LONG 0x4378 LOADADDR (.data)
                0x000000d0        0x4 LONG 0x10000000 ADDR (.data)
                0x000000d4        0x4 LONG 0x10 SIZEOF (.data)
                0x000000d8        0x4 LONG 0x4378 LOADADDR (.data_RAM2)
                0x000000dc        0x4 LONG 0x2007c000 ADDR (.data_RAM2)
                0x000000e0        0x4 LONG 0x0 SIZEOF (.data_RAM2)
                0x000000e4                __data_section_table_end = .
                0x000000e4                __bss_section_table = .
                0x000000e4        0x4 LONG 0x10000010 ADDR (.bss)
                0x000000e8        0x4 LONG 0x34c SIZEOF (.bss)
                0x000000ec        0x4 LONG 0x2007c000 ADDR (.bss_RAM2)
                0x000000f0        0x4 LONG 0x0 SIZEOF (.bss_RAM2)
                0x000000f4                __bss_section_table_end = .
                0x000000f4                __section_table_end = .
 *(.after_vectors*)
 *(.text*)
 .text.ResetISR
                0x000000f4       0x58 ./src/cr_startup_lpc17.o
                0x000000f4                ResetISR
 .text.NMI_Handler
                0x0000014c        0x8 ./src/cr_startup_lpc17.o
                0x0000014c                NMI_Handler
 .text.HardFault_Handler
                0x00000154        0x8 ./src/cr_startup_lpc17.o
                0x00000154                HardFault_Handler
 .text.MemManage_Handler
                0x0000015c        0x8 ./src/cr_startup_lpc17.o
                0x0000015c                MemManage_Handler
 .text.BusFault_Handler
                0x00000164        0x8 ./src/cr_startup_lpc17.o
                0x00000164                BusFault_Handler
 .text.UsageFault_Handler
                0x0000016c        0x8 ./src/cr_startup_lpc17.o
                0x0000016c                UsageFault_Handler
 .text.SVCall_Handler
                0x00000174        0x8 ./src/cr_startup_lpc17.o
                0x00000174                SVCall_Handler
 .text.DebugMon_Handler
                0x0000017c        0x8 ./src/cr_startup_lpc17.o
                0x0000017c                DebugMon_Handler
 .text.PendSV_Handler
                0x00000184        0x8 ./src/cr_startup_lpc17.o
                0x00000184                PendSV_Handler
 .text.IntDefaultHandler
                0x0000018c        0x8 ./src/cr_startup_lpc17.o
                0x0000018c                TIMER2_IRQHandler
                0x0000018c                RIT_IRQHandler
                0x0000018c                I2C0_IRQHandler
                0x0000018c                USBActivity_IRQHandler
                0x0000018c                PWM1_IRQHandler
                0x0000018c                I2C1_IRQHandler
                0x0000018c                EINT2_IRQHandler
                0x0000018c                UART1_IRQHandler
                0x0000018c                EINT3_IRQHandler
                0x0000018c                CANActivity_IRQHandler
                0x0000018c                TIMER3_IRQHandler
                0x0000018c                UART0_IRQHandler
                0x0000018c                IntDefaultHandler
                0x0000018c                PLL0_IRQHandler
                0x0000018c                CAN_IRQHandler
                0x0000018c                PLL1_IRQHandler
                0x0000018c                SSP0_IRQHandler
                0x0000018c                I2S_IRQHandler
                0x0000018c                I2C2_IRQHandler
                0x0000018c                RTC_IRQHandler
                0x0000018c                TIMER0_IRQHandler
                0x0000018c                SPI_IRQHandler
                0x0000018c                EINT1_IRQHandler
                0x0000018c                TIMER1_IRQHandler
                0x0000018c                UART2_IRQHandler
                0x0000018c                ADC_IRQHandler
                0x0000018c                SSP1_IRQHandler
                0x0000018c                USB_IRQHandler
                0x0000018c                BOD_IRQHandler
                0x0000018c                WDT_IRQHandler
                0x0000018c                QEI_IRQHandler
                0x0000018c                EINT0_IRQHandler
                0x0000018c                DMA_IRQHandler
                0x0000018c                UART3_IRQHandler
                0x0000018c                MCPWM_IRQHandler
                0x0000018c                ENET_IRQHandler
 .text.NVIC_SetPriority
                0x00000194       0x54 ./src/main.o
 .text.SysTick_Config
                0x000001e8       0x44 ./src/main.o
 .text.intToString
                0x0000022c       0xc8 ./src/main.o
 .text.SysTick_Handler
                0x000002f4       0x1c ./src/main.o
                0x000002f4                SysTick_Handler
 .text.init_ssp
                0x00000310       0x78 ./src/main.o
 .text.init_i2c
                0x00000388       0x48 ./src/main.o
 .text.init_uart
                0x000003d0       0x5c ./src/main.o
 .text.show_menu
                0x0000042c       0x60 ./src/main.o
                0x0000042c                show_menu
 .text.show_range_selected
                0x0000048c       0x70 ./src/main.o
                0x0000048c                show_range_selected
 .text.main     0x000004fc      0x1d0 ./src/main.o
                0x000004fc                main
 .text.check_failed
                0x000006cc        0xc ./src/main.o
                0x000006cc                check_failed
 .text.SystemInit
                0x000006d8      0x140 /home/pedro/LPCXpresso/workspace/Lib_CMSISv1p30_LPC17xx/Debug/libCMSISv1p30_LPC17xx.a(system_LPC17xx.o)
                0x000006d8                SystemInit
 .text.I2CRead  0x00000818       0x50 /home/pedro/LPCXpresso/workspace/Lib_EaBaseBoard/Debug/libLib_EaBaseBoard.a(light.o)
 .text.I2CWrite
                0x00000868       0x50 /home/pedro/LPCXpresso/workspace/Lib_EaBaseBoard/Debug/libLib_EaBaseBoard.a(light.o)
 .text.readCommandReg
                0x000008b8       0x2c /home/pedro/LPCXpresso/workspace/Lib_EaBaseBoard/Debug/libLib_EaBaseBoard.a(light.o)
 .text.readControlReg
                0x000008e4       0x2c /home/pedro/LPCXpresso/workspace/Lib_EaBaseBoard/Debug/libLib_EaBaseBoard.a(light.o)
 .text.light_init
                0x00000910        0xc /home/pedro/LPCXpresso/workspace/Lib_EaBaseBoard/Debug/libLib_EaBaseBoard.a(light.o)
                0x00000910                light_init
 .text.light_enable
                0x0000091c       0x3c /home/pedro/LPCXpresso/workspace/Lib_EaBaseBoard/Debug/libLib_EaBaseBoard.a(light.o)
                0x0000091c                light_enable
 .text.light_read
                0x00000958       0x74 /home/pedro/LPCXpresso/workspace/Lib_EaBaseBoard/Debug/libLib_EaBaseBoard.a(light.o)
                0x00000958                light_read
 .text.light_setRange
                0x000009cc       0x90 /home/pedro/LPCXpresso/workspace/Lib_EaBaseBoard/Debug/libLib_EaBaseBoard.a(light.o)
                0x000009cc                light_setRange
 .text.light_shutdown
                0x00000a5c       0x50 /home/pedro/LPCXpresso/workspace/Lib_EaBaseBoard/Debug/libLib_EaBaseBoard.a(light.o)
                0x00000a5c                light_shutdown
 .text.writeCommand
                0x00000aac       0x48 /home/pedro/LPCXpresso/workspace/Lib_EaBaseBoard/Debug/libLib_EaBaseBoard.a(oled.o)
 .text.writeData
                0x00000af4       0x48 /home/pedro/LPCXpresso/workspace/Lib_EaBaseBoard/Debug/libLib_EaBaseBoard.a(oled.o)
 .text.writeDataLen
                0x00000b3c       0x78 /home/pedro/LPCXpresso/workspace/Lib_EaBaseBoard/Debug/libLib_EaBaseBoard.a(oled.o)
 .text.runInitSequence
                0x00000bb4       0xd4 /home/pedro/LPCXpresso/workspace/Lib_EaBaseBoard/Debug/libLib_EaBaseBoard.a(oled.o)
 .text.hLine    0x00000c88       0x58 /home/pedro/LPCXpresso/workspace/Lib_EaBaseBoard/Debug/libLib_EaBaseBoard.a(oled.o)
 .text.vLine    0x00000ce0       0x58 /home/pedro/LPCXpresso/workspace/Lib_EaBaseBoard/Debug/libLib_EaBaseBoard.a(oled.o)
 .text.oled_init
                0x00000d38       0x74 /home/pedro/LPCXpresso/workspace/Lib_EaBaseBoard/Debug/libLib_EaBaseBoard.a(oled.o)
                0x00000d38                oled_init
 .text.oled_putPixel
                0x00000dac      0x150 /home/pedro/LPCXpresso/workspace/Lib_EaBaseBoard/Debug/libLib_EaBaseBoard.a(oled.o)
                0x00000dac                oled_putPixel
 .text.oled_fillRect
                0x00000efc       0xa0 /home/pedro/LPCXpresso/workspace/Lib_EaBaseBoard/Debug/libLib_EaBaseBoard.a(oled.o)
                0x00000efc                oled_fillRect
 .text.oled_clearScreen
                0x00000f9c       0x64 /home/pedro/LPCXpresso/workspace/Lib_EaBaseBoard/Debug/libLib_EaBaseBoard.a(oled.o)
                0x00000f9c                oled_clearScreen
 .text.oled_putChar
                0x00001000       0xd8 /home/pedro/LPCXpresso/workspace/Lib_EaBaseBoard/Debug/libLib_EaBaseBoard.a(oled.o)
                0x00001000                oled_putChar
 .text.oled_putString
                0x000010d8       0x54 /home/pedro/LPCXpresso/workspace/Lib_EaBaseBoard/Debug/libLib_EaBaseBoard.a(oled.o)
                0x000010d8                oled_putString
 .text.GPIO_GetPointer
                0x0000112c       0x70 /home/pedro/LPCXpresso/workspace/Lib_MCU/Debug/libLib_MCU.a(lpc17xx_gpio.o)
 .text.GPIO_SetDir
                0x0000119c       0x4c /home/pedro/LPCXpresso/workspace/Lib_MCU/Debug/libLib_MCU.a(lpc17xx_gpio.o)
                0x0000119c                GPIO_SetDir
 .text.GPIO_SetValue
                0x000011e8       0x2c /home/pedro/LPCXpresso/workspace/Lib_MCU/Debug/libLib_MCU.a(lpc17xx_gpio.o)
                0x000011e8                GPIO_SetValue
 .text.GPIO_ClearValue
                0x00001214       0x2c /home/pedro/LPCXpresso/workspace/Lib_MCU/Debug/libLib_MCU.a(lpc17xx_gpio.o)
                0x00001214                GPIO_ClearValue
 .text.NVIC_EnableIRQ
                0x00001240       0x30 /home/pedro/LPCXpresso/workspace/Lib_MCU/Debug/libLib_MCU.a(lpc17xx_i2c.o)
 .text.NVIC_DisableIRQ
                0x00001270       0x34 /home/pedro/LPCXpresso/workspace/Lib_MCU/Debug/libLib_MCU.a(lpc17xx_i2c.o)
 .text.I2C_getNum
                0x000012a4       0x48 /home/pedro/LPCXpresso/workspace/Lib_MCU/Debug/libLib_MCU.a(lpc17xx_i2c.o)
 .text.I2C_Start
                0x000012ec       0x3c /home/pedro/LPCXpresso/workspace/Lib_MCU/Debug/libLib_MCU.a(lpc17xx_i2c.o)
 .text.I2C_Stop
                0x00001328       0x30 /home/pedro/LPCXpresso/workspace/Lib_MCU/Debug/libLib_MCU.a(lpc17xx_i2c.o)
 .text.I2C_SendByte
                0x00001358       0x4c /home/pedro/LPCXpresso/workspace/Lib_MCU/Debug/libLib_MCU.a(lpc17xx_i2c.o)
 .text.I2C_GetByte
                0x000013a4       0x54 /home/pedro/LPCXpresso/workspace/Lib_MCU/Debug/libLib_MCU.a(lpc17xx_i2c.o)
 .text.I2C_IntCmd
                0x000013f8       0x88 /home/pedro/LPCXpresso/workspace/Lib_MCU/Debug/libLib_MCU.a(lpc17xx_i2c.o)
                0x000013f8                I2C_IntCmd
 .text.I2C_MasterHandler
                0x00001480      0x3a0 /home/pedro/LPCXpresso/workspace/Lib_MCU/Debug/libLib_MCU.a(lpc17xx_i2c.o)
                0x00001480                I2C_MasterHandler
 .text.I2C_SetClock
                0x00001820       0xa4 /home/pedro/LPCXpresso/workspace/Lib_MCU/Debug/libLib_MCU.a(lpc17xx_i2c.o)
                0x00001820                I2C_SetClock
 .text.I2C_Init
                0x000018c4       0xa4 /home/pedro/LPCXpresso/workspace/Lib_MCU/Debug/libLib_MCU.a(lpc17xx_i2c.o)
                0x000018c4                I2C_Init
 .text.I2C_Cmd  0x00001968       0x70 /home/pedro/LPCXpresso/workspace/Lib_MCU/Debug/libLib_MCU.a(lpc17xx_i2c.o)
                0x00001968                I2C_Cmd
 .text.I2C_MasterTransferData
                0x000019d8      0x2f8 /home/pedro/LPCXpresso/workspace/Lib_MCU/Debug/libLib_MCU.a(lpc17xx_i2c.o)
                0x000019d8                I2C_MasterTransferData
 .text.PINSEL_SetPinFunc
                0x00001cd0       0x84 /home/pedro/LPCXpresso/workspace/Lib_MCU/Debug/libLib_MCU.a(lpc17xx_pinsel.o)
                0x00001cd0                PINSEL_SetPinFunc
 .text.PINSEL_SetResistorMode
                0x00001d54       0x84 /home/pedro/LPCXpresso/workspace/Lib_MCU/Debug/libLib_MCU.a(lpc17xx_pinsel.o)
                0x00001d54                PINSEL_SetResistorMode
 .text.PINSEL_SetOpenDrainMode
                0x00001dd8       0x6c /home/pedro/LPCXpresso/workspace/Lib_MCU/Debug/libLib_MCU.a(lpc17xx_pinsel.o)
                0x00001dd8                PINSEL_SetOpenDrainMode
 .text.PINSEL_ConfigPin
                0x00001e44       0x48 /home/pedro/LPCXpresso/workspace/Lib_MCU/Debug/libLib_MCU.a(lpc17xx_pinsel.o)
                0x00001e44                PINSEL_ConfigPin
 .text.SSP_getNum
                0x00001e8c       0x38 /home/pedro/LPCXpresso/workspace/Lib_MCU/Debug/libLib_MCU.a(lpc17xx_ssp.o)
 .text.SSP_IntHandler
                0x00001ec4      0x2cc /home/pedro/LPCXpresso/workspace/Lib_MCU/Debug/libLib_MCU.a(lpc17xx_ssp.o)
                0x00001ec4                SSP_IntHandler
 .text.SSP_SetClock
                0x00002190       0xc4 /home/pedro/LPCXpresso/workspace/Lib_MCU/Debug/libLib_MCU.a(lpc17xx_ssp.o)
                0x00002190                SSP_SetClock
 .text.SSP_Init
                0x00002254       0xd8 /home/pedro/LPCXpresso/workspace/Lib_MCU/Debug/libLib_MCU.a(lpc17xx_ssp.o)
                0x00002254                SSP_Init
 .text.SSP_ConfigStructInit
                0x0000232c       0x3c /home/pedro/LPCXpresso/workspace/Lib_MCU/Debug/libLib_MCU.a(lpc17xx_ssp.o)
                0x0000232c                SSP_ConfigStructInit
 .text.SSP_Cmd  0x00002368       0x70 /home/pedro/LPCXpresso/workspace/Lib_MCU/Debug/libLib_MCU.a(lpc17xx_ssp.o)
                0x00002368                SSP_Cmd
 .text.SSP_SendData
                0x000023d8       0x40 /home/pedro/LPCXpresso/workspace/Lib_MCU/Debug/libLib_MCU.a(lpc17xx_ssp.o)
                0x000023d8                SSP_SendData
 .text.SSP_ReceiveData
                0x00002418       0x3c /home/pedro/LPCXpresso/workspace/Lib_MCU/Debug/libLib_MCU.a(lpc17xx_ssp.o)
                0x00002418                SSP_ReceiveData
 .text.SSP_ReadWrite
                0x00002454      0x3c0 /home/pedro/LPCXpresso/workspace/Lib_MCU/Debug/libLib_MCU.a(lpc17xx_ssp.o)
                0x00002454                SSP_ReadWrite
 .text.TIM_GetPClock
                0x00002814       0x58 /home/pedro/LPCXpresso/workspace/Lib_MCU/Debug/libLib_MCU.a(lpc17xx_timer.o)
                0x00002814                TIM_GetPClock
 .text.TIM_ConverUSecToVal
                0x0000286c       0x58 /home/pedro/LPCXpresso/workspace/Lib_MCU/Debug/libLib_MCU.a(lpc17xx_timer.o)
                0x0000286c                TIM_ConverUSecToVal
 .text.TIM_ConverPtrToTimeNum
                0x000028c4       0x5c /home/pedro/LPCXpresso/workspace/Lib_MCU/Debug/libLib_MCU.a(lpc17xx_timer.o)
                0x000028c4                TIM_ConverPtrToTimeNum
 .text.TIM_GetIntStatus
                0x00002920       0x98 /home/pedro/LPCXpresso/workspace/Lib_MCU/Debug/libLib_MCU.a(lpc17xx_timer.o)
                0x00002920                TIM_GetIntStatus
 .text.TIM_ClearIntPending
                0x000029b8       0x8c /home/pedro/LPCXpresso/workspace/Lib_MCU/Debug/libLib_MCU.a(lpc17xx_timer.o)
                0x000029b8                TIM_ClearIntPending
 .text.TIM_Init
                0x00002a44      0x170 /home/pedro/LPCXpresso/workspace/Lib_MCU/Debug/libLib_MCU.a(lpc17xx_timer.o)
                0x00002a44                TIM_Init
 .text.TIM_Cmd  0x00002bb4       0x70 /home/pedro/LPCXpresso/workspace/Lib_MCU/Debug/libLib_MCU.a(lpc17xx_timer.o)
                0x00002bb4                TIM_Cmd
 .text.TIM_ConfigMatch
                0x00002c24      0x15c /home/pedro/LPCXpresso/workspace/Lib_MCU/Debug/libLib_MCU.a(lpc17xx_timer.o)
                0x00002c24                TIM_ConfigMatch
 .text.Timer0_Wait
                0x00002d80       0x78 /home/pedro/LPCXpresso/workspace/Lib_MCU/Debug/libLib_MCU.a(lpc17xx_timer.o)
                0x00002d80                Timer0_Wait
 .text.uart_set_divisors
                0x00002df8      0x218 /home/pedro/LPCXpresso/workspace/Lib_MCU/Debug/libLib_MCU.a(lpc17xx_uart.o)
                0x00002df8                uart_set_divisors
 .text.UART_Init
                0x00003010      0x2ec /home/pedro/LPCXpresso/workspace/Lib_MCU/Debug/libLib_MCU.a(lpc17xx_uart.o)
                0x00003010                UART_Init
 .text.UART_SendData
                0x000032fc       0x68 /home/pedro/LPCXpresso/workspace/Lib_MCU/Debug/libLib_MCU.a(lpc17xx_uart.o)
                0x000032fc                UART_SendData
 .text.UART_ReceiveData
                0x00003364       0x64 /home/pedro/LPCXpresso/workspace/Lib_MCU/Debug/libLib_MCU.a(lpc17xx_uart.o)
                0x00003364                UART_ReceiveData
 .text.UART_TxCmd
                0x000033c8       0xc8 /home/pedro/LPCXpresso/workspace/Lib_MCU/Debug/libLib_MCU.a(lpc17xx_uart.o)
                0x000033c8                UART_TxCmd
 .text.UART_Send
                0x00003490       0xec /home/pedro/LPCXpresso/workspace/Lib_MCU/Debug/libLib_MCU.a(lpc17xx_uart.o)
                0x00003490                UART_Send
 .text.UART_SendString
                0x0000357c       0x28 /home/pedro/LPCXpresso/workspace/Lib_MCU/Debug/libLib_MCU.a(lpc17xx_uart.o)
                0x0000357c                UART_SendString
 .text.UART_Receive
                0x000035a4       0xbc /home/pedro/LPCXpresso/workspace/Lib_MCU/Debug/libLib_MCU.a(lpc17xx_uart.o)
                0x000035a4                UART_Receive
 .text.CLKPWR_SetPCLKDiv
                0x00003660       0x8c /home/pedro/LPCXpresso/workspace/Lib_MCU/Debug/libLib_MCU.a(lpc17xx_clkpwr.o)
                0x00003660                CLKPWR_SetPCLKDiv
 .text.CLKPWR_GetPCLKSEL
                0x000036ec       0x48 /home/pedro/LPCXpresso/workspace/Lib_MCU/Debug/libLib_MCU.a(lpc17xx_clkpwr.o)
                0x000036ec                CLKPWR_GetPCLKSEL
 .text.CLKPWR_GetPCLK
                0x00003734       0x64 /home/pedro/LPCXpresso/workspace/Lib_MCU/Debug/libLib_MCU.a(lpc17xx_clkpwr.o)
                0x00003734                CLKPWR_GetPCLK
 .text.CLKPWR_ConfigPPWR
                0x00003798       0x58 /home/pedro/LPCXpresso/workspace/Lib_MCU/Debug/libLib_MCU.a(lpc17xx_clkpwr.o)
                0x00003798                CLKPWR_ConfigPPWR
 .text          0x000037f0       0x30 /usr/local/lpcxpresso_8.2.2_650/lpcxpresso/tools/bin/../lib/gcc/arm-none-eabi/5.4.1/armv7-m/libgcc.a(_aeabi_uldivmod.o)
                0x000037f0                __aeabi_uldivmod
 .text          0x00003820      0x2ec /usr/local/lpcxpresso_8.2.2_650/lpcxpresso/tools/bin/../lib/gcc/arm-none-eabi/5.4.1/armv7-m/libgcc.a(_udivmoddi4.o)
                0x00003820                __udivmoddi4
 .text          0x00003b0c        0x4 /usr/local/lpcxpresso_8.2.2_650/lpcxpresso/tools/bin/../lib/gcc/arm-none-eabi/5.4.1/armv7-m/libgcc.a(_dvmd_tls.o)
                0x00003b0c                __aeabi_ldiv0
                0x00003b0c                __aeabi_idiv0
 .text.memset   0x00003b10       0x9c /usr/local/lpcxpresso_8.2.2_650/lpcxpresso/tools/bin/../lib/gcc/arm-none-eabi/5.4.1/../../../../arm-none-eabi/lib/armv7-m/libc.a(lib_a-memset.o)
                0x00003b10                memset
 .text.strlen   0x00003bac       0x5c /usr/local/lpcxpresso_8.2.2_650/lpcxpresso/tools/bin/../lib/gcc/arm-none-eabi/5.4.1/../../../../arm-none-eabi/lib/armv7-m/libc.a(lib_a-strlen-stub.o)
                0x00003bac                strlen
 *(.rodata .rodata.* .constdata .constdata.*)
 .rodata        0x00003c08      0x3fd ./src/main.o
 *fill*         0x00004005        0x3 ff
 .rodata        0x00004008        0x8 /home/pedro/LPCXpresso/workspace/Lib_EaBaseBoard/Debug/libLib_EaBaseBoard.a(oled.o)
 .rodata        0x00004010      0x300 /home/pedro/LPCXpresso/workspace/Lib_EaBaseBoard/Debug/libLib_EaBaseBoard.a(font5x7.o)
                0x00004010                font5x7
 .rodata        0x00004310       0x15 /home/pedro/LPCXpresso/workspace/Lib_MCU/Debug/libLib_MCU.a(lpc17xx_i2c.o)
 *fill*         0x00004325        0x3 ff
 .rodata        0x00004328       0x15 /home/pedro/LPCXpresso/workspace/Lib_MCU/Debug/libLib_MCU.a(lpc17xx_ssp.o)
 *fill*         0x0000433d        0x3 ff
 .rodata        0x00004340       0x17 /home/pedro/LPCXpresso/workspace/Lib_MCU/Debug/libLib_MCU.a(lpc17xx_timer.o)
 *fill*         0x00004357        0x1 ff
 .rodata        0x00004358       0x16 /home/pedro/LPCXpresso/workspace/Lib_MCU/Debug/libLib_MCU.a(lpc17xx_uart.o)
                0x00004370                . = ALIGN (0x4)
 *fill*         0x0000436e        0x2 ff

.glue_7         0x00004370        0x0
 .glue_7        0x00004370        0x0 linker stubs

.glue_7t        0x00004370        0x0
 .glue_7t       0x00004370        0x0 linker stubs

.vfp11_veneer   0x00004370        0x0
 .vfp11_veneer  0x00004370        0x0 linker stubs

.v4_bx          0x00004370        0x0
 .v4_bx         0x00004370        0x0 linker stubs

.iplt           0x00004370        0x0
 .iplt          0x00004370        0x0 ./src/cr_startup_lpc17.o

.ARM.extab
 *(.ARM.extab* .gnu.linkonce.armextab.*)
                0x00004370                __exidx_start = .

.ARM.exidx      0x00004370        0x8
 *(.ARM.exidx* .gnu.linkonce.armexidx.*)
 .ARM.exidx     0x00004370        0x8 /usr/local/lpcxpresso_8.2.2_650/lpcxpresso/tools/bin/../lib/gcc/arm-none-eabi/5.4.1/armv7-m/libgcc.a(_udivmoddi4.o)
                0x00004378                __exidx_end = .
                0x00004378                _etext = .

.rel.dyn        0x00004378        0x0
 .rel.iplt      0x00004378        0x0 ./src/cr_startup_lpc17.o

.data_RAM2      0x2007c000        0x0 load address 0x00004378
 FILL mask 0xff
                [!provide]                PROVIDE (__start_data_RAM2, .)
 *(.ramfunc.$RAM2)
 *(.ramfunc.$RamAHB32)
 *(.data.$RAM2*)
 *(.data.$RamAHB32*)
                0x2007c000                . = ALIGN (0x4)
                [!provide]                PROVIDE (__end_data_RAM2, .)

.uninit_RESERVED
                0x10000000        0x0
 *(.bss.$RESERVED*)
                0x10000000                . = ALIGN (0x4)
                0x10000000                _end_uninit_RESERVED = .

.data           0x10000000       0x10 load address 0x00004378
 FILL mask 0xff
                0x10000000                _data = .
 *(vtable)
 *(.ramfunc*)
 *(.data*)
 .data          0x10000000        0x4 ./src/main.o
 .data          0x10000004        0x4 /home/pedro/LPCXpresso/workspace/Lib_CMSISv1p30_LPC17xx/Debug/libCMSISv1p30_LPC17xx.a(system_LPC17xx.o)
                0x10000004                SystemCoreClock
 .data          0x10000008        0x8 /home/pedro/LPCXpresso/workspace/Lib_EaBaseBoard/Debug/libLib_EaBaseBoard.a(light.o)
                0x10000010                . = ALIGN (0x4)
                0x10000010                _edata = .

.igot.plt       0x10000010        0x0 load address 0x00004388
 .igot.plt      0x10000010        0x0 ./src/cr_startup_lpc17.o

.bss_RAM2       0x2007c000        0x0
                [!provide]                PROVIDE (__start_bss_RAM2, .)
 *(.bss.$RAM2*)
 *(.bss.$RamAHB32*)
                0x2007c000                . = ALIGN ((. != 0x0)?0x4:0x1)
                [!provide]                PROVIDE (__end_bss_RAM2, .)

.bss            0x10000010      0x34c
                0x10000010                _bss = .
 *(.bss*)
 .bss           0x10000010        0xe ./src/main.o
 *fill*         0x1000001e        0x2 
 .bss           0x10000020      0x300 /home/pedro/LPCXpresso/workspace/Lib_EaBaseBoard/Debug/libLib_EaBaseBoard.a(oled.o)
 .bss           0x10000320       0x24 /home/pedro/LPCXpresso/workspace/Lib_MCU/Debug/libLib_MCU.a(lpc17xx_i2c.o)
 .bss           0x10000344       0x18 /home/pedro/LPCXpresso/workspace/Lib_MCU/Debug/libLib_MCU.a(lpc17xx_ssp.o)
 *(COMMON)
                0x1000035c                . = ALIGN (0x4)
                0x1000035c                _ebss = .
                [!provide]                PROVIDE (end, .)

.noinit_RAM2    0x2007c000        0x0
 *(.noinit.$RAM2*)
 *(.noinit.$RamAHB32*)
                0x2007c000                . = ALIGN (0x4)

.noinit         0x1000035c        0x0
                0x1000035c                _noinit = .
 *(.noinit*)
                0x1000035c                . = ALIGN (0x4)
                0x1000035c                _end_noinit = .
                [!provide]                PROVIDE (_pvHeapStart, DEFINED (__user_heap_base)?__user_heap_base:.)
                0x10008000                PROVIDE (_vStackTop, DEFINED (__user_stack_top)?__user_stack_top:(__top_RamLoc32 - 0x0))
                [!provide]                PROVIDE (__valid_user_code_checksum, (0x0 - ((((((_vStackTop + (ResetISR + 0x1)) + (NMI_Handler + 0x1)) + (HardFault_Handler + 0x1)) + (DEFINED (MemManage_Handler)?MemManage_Handler:0x0 + 0x1)) + (DEFINED (BusFault_Handler)?BusFault_Handler:0x0 + 0x1)) + (DEFINED (UsageFault_Handler)?UsageFault_Handler:0x0 + 0x1))))
OUTPUT(uart2.axf elf32-littlearm)

.debug_info     0x00000000     0x660d
 .debug_info    0x00000000      0x1b6 ./src/cr_startup_lpc17.o
 .debug_info    0x000001b6      0xc32 ./src/main.o
 .debug_info    0x00000de8      0x2e3 /home/pedro/LPCXpresso/workspace/Lib_CMSISv1p30_LPC17xx/Debug/libCMSISv1p30_LPC17xx.a(system_LPC17xx.o)
 .debug_info    0x000010cb      0x6fb /home/pedro/LPCXpresso/workspace/Lib_EaBaseBoard/Debug/libLib_EaBaseBoard.a(light.o)
 .debug_info    0x000017c6      0x915 /home/pedro/LPCXpresso/workspace/Lib_EaBaseBoard/Debug/libLib_EaBaseBoard.a(oled.o)
 .debug_info    0x000020db       0x61 /home/pedro/LPCXpresso/workspace/Lib_EaBaseBoard/Debug/libLib_EaBaseBoard.a(font5x7.o)
 .debug_info    0x0000213c      0xac9 /home/pedro/LPCXpresso/workspace/Lib_MCU/Debug/libLib_MCU.a(lpc17xx_gpio.o)
 .debug_info    0x00002c05      0xc08 /home/pedro/LPCXpresso/workspace/Lib_MCU/Debug/libLib_MCU.a(lpc17xx_i2c.o)
 .debug_info    0x0000380d      0x44e /home/pedro/LPCXpresso/workspace/Lib_MCU/Debug/libLib_MCU.a(lpc17xx_pinsel.o)
 .debug_info    0x00003c5b      0x7e1 /home/pedro/LPCXpresso/workspace/Lib_MCU/Debug/libLib_MCU.a(lpc17xx_ssp.o)
 .debug_info    0x0000443c      0x86f /home/pedro/LPCXpresso/workspace/Lib_MCU/Debug/libLib_MCU.a(lpc17xx_timer.o)
 .debug_info    0x00004cab     0x13bd /home/pedro/LPCXpresso/workspace/Lib_MCU/Debug/libLib_MCU.a(lpc17xx_uart.o)
 .debug_info    0x00006068      0x5a5 /home/pedro/LPCXpresso/workspace/Lib_MCU/Debug/libLib_MCU.a(lpc17xx_clkpwr.o)

.debug_abbrev   0x00000000     0x15f7
 .debug_abbrev  0x00000000       0xb9 ./src/cr_startup_lpc17.o
 .debug_abbrev  0x000000b9      0x2ab ./src/main.o
 .debug_abbrev  0x00000364       0xe6 /home/pedro/LPCXpresso/workspace/Lib_CMSISv1p30_LPC17xx/Debug/libCMSISv1p30_LPC17xx.a(system_LPC17xx.o)
 .debug_abbrev  0x0000044a      0x1d2 /home/pedro/LPCXpresso/workspace/Lib_EaBaseBoard/Debug/libLib_EaBaseBoard.a(light.o)
 .debug_abbrev  0x0000061c      0x201 /home/pedro/LPCXpresso/workspace/Lib_EaBaseBoard/Debug/libLib_EaBaseBoard.a(oled.o)
 .debug_abbrev  0x0000081d       0x48 /home/pedro/LPCXpresso/workspace/Lib_EaBaseBoard/Debug/libLib_EaBaseBoard.a(font5x7.o)
 .debug_abbrev  0x00000865      0x193 /home/pedro/LPCXpresso/workspace/Lib_MCU/Debug/libLib_MCU.a(lpc17xx_gpio.o)
 .debug_abbrev  0x000009f8      0x28b /home/pedro/LPCXpresso/workspace/Lib_MCU/Debug/libLib_MCU.a(lpc17xx_i2c.o)
 .debug_abbrev  0x00000c83      0x12b /home/pedro/LPCXpresso/workspace/Lib_MCU/Debug/libLib_MCU.a(lpc17xx_pinsel.o)
 .debug_abbrev  0x00000dae      0x1fd /home/pedro/LPCXpresso/workspace/Lib_MCU/Debug/libLib_MCU.a(lpc17xx_ssp.o)
 .debug_abbrev  0x00000fab      0x1e2 /home/pedro/LPCXpresso/workspace/Lib_MCU/Debug/libLib_MCU.a(lpc17xx_timer.o)
 .debug_abbrev  0x0000118d      0x2ac /home/pedro/LPCXpresso/workspace/Lib_MCU/Debug/libLib_MCU.a(lpc17xx_uart.o)
 .debug_abbrev  0x00001439      0x1be /home/pedro/LPCXpresso/workspace/Lib_MCU/Debug/libLib_MCU.a(lpc17xx_clkpwr.o)

.debug_aranges  0x00000000      0x710
 .debug_aranges
                0x00000000       0x70 ./src/cr_startup_lpc17.o
 .debug_aranges
                0x00000070       0x70 ./src/main.o
 .debug_aranges
                0x000000e0       0x28 /home/pedro/LPCXpresso/workspace/Lib_CMSISv1p30_LPC17xx/Debug/libCMSISv1p30_LPC17xx.a(system_LPC17xx.o)
 .debug_aranges
                0x00000108       0x98 /home/pedro/LPCXpresso/workspace/Lib_EaBaseBoard/Debug/libLib_EaBaseBoard.a(light.o)
 .debug_aranges
                0x000001a0       0x90 /home/pedro/LPCXpresso/workspace/Lib_EaBaseBoard/Debug/libLib_EaBaseBoard.a(oled.o)
 .debug_aranges
                0x00000230       0x18 /home/pedro/LPCXpresso/workspace/Lib_EaBaseBoard/Debug/libLib_EaBaseBoard.a(font5x7.o)
 .debug_aranges
                0x00000248       0xc8 /home/pedro/LPCXpresso/workspace/Lib_MCU/Debug/libLib_MCU.a(lpc17xx_gpio.o)
 .debug_aranges
                0x00000310       0xd0 /home/pedro/LPCXpresso/workspace/Lib_MCU/Debug/libLib_MCU.a(lpc17xx_i2c.o)
 .debug_aranges
                0x000003e0       0x48 /home/pedro/LPCXpresso/workspace/Lib_MCU/Debug/libLib_MCU.a(lpc17xx_pinsel.o)
 .debug_aranges
                0x00000428       0xb8 /home/pedro/LPCXpresso/workspace/Lib_MCU/Debug/libLib_MCU.a(lpc17xx_ssp.o)
 .debug_aranges
                0x000004e0       0xa0 /home/pedro/LPCXpresso/workspace/Lib_MCU/Debug/libLib_MCU.a(lpc17xx_timer.o)
 .debug_aranges
                0x00000580      0x130 /home/pedro/LPCXpresso/workspace/Lib_MCU/Debug/libLib_MCU.a(lpc17xx_uart.o)
 .debug_aranges
                0x000006b0       0x60 /home/pedro/LPCXpresso/workspace/Lib_MCU/Debug/libLib_MCU.a(lpc17xx_clkpwr.o)

.debug_ranges   0x00000000      0x638
 .debug_ranges  0x00000000       0x60 ./src/cr_startup_lpc17.o
 .debug_ranges  0x00000060       0x60 ./src/main.o
 .debug_ranges  0x000000c0       0x18 /home/pedro/LPCXpresso/workspace/Lib_CMSISv1p30_LPC17xx/Debug/libCMSISv1p30_LPC17xx.a(system_LPC17xx.o)
 .debug_ranges  0x000000d8       0x88 /home/pedro/LPCXpresso/workspace/Lib_EaBaseBoard/Debug/libLib_EaBaseBoard.a(light.o)
 .debug_ranges  0x00000160       0x80 /home/pedro/LPCXpresso/workspace/Lib_EaBaseBoard/Debug/libLib_EaBaseBoard.a(oled.o)
 .debug_ranges  0x000001e0       0xb8 /home/pedro/LPCXpresso/workspace/Lib_MCU/Debug/libLib_MCU.a(lpc17xx_gpio.o)
 .debug_ranges  0x00000298       0xc0 /home/pedro/LPCXpresso/workspace/Lib_MCU/Debug/libLib_MCU.a(lpc17xx_i2c.o)
 .debug_ranges  0x00000358       0x38 /home/pedro/LPCXpresso/workspace/Lib_MCU/Debug/libLib_MCU.a(lpc17xx_pinsel.o)
 .debug_ranges  0x00000390       0xa8 /home/pedro/LPCXpresso/workspace/Lib_MCU/Debug/libLib_MCU.a(lpc17xx_ssp.o)
 .debug_ranges  0x00000438       0x90 /home/pedro/LPCXpresso/workspace/Lib_MCU/Debug/libLib_MCU.a(lpc17xx_timer.o)
 .debug_ranges  0x000004c8      0x120 /home/pedro/LPCXpresso/workspace/Lib_MCU/Debug/libLib_MCU.a(lpc17xx_uart.o)
 .debug_ranges  0x000005e8       0x50 /home/pedro/LPCXpresso/workspace/Lib_MCU/Debug/libLib_MCU.a(lpc17xx_clkpwr.o)

.debug_macro    0x00000000     0x58fc
 .debug_macro   0x00000000       0x79 ./src/cr_startup_lpc17.o
 .debug_macro   0x00000079      0x886 ./src/cr_startup_lpc17.o
 .debug_macro   0x000008ff       0x22 ./src/cr_startup_lpc17.o
 .debug_macro   0x00000921       0x87 ./src/cr_startup_lpc17.o
 .debug_macro   0x000009a8       0x44 ./src/cr_startup_lpc17.o
 .debug_macro   0x000009ec       0xfd ./src/cr_startup_lpc17.o
 .debug_macro   0x00000ae9       0x5e ./src/cr_startup_lpc17.o
 .debug_macro   0x00000b47      0x1df ./src/cr_startup_lpc17.o
 .debug_macro   0x00000d26      0x108 ./src/main.o
 .debug_macro   0x00000e2e       0x1c ./src/main.o
 .debug_macro   0x00000e4a       0x22 ./src/main.o
 .debug_macro   0x00000e6c      0x7b7 ./src/main.o
 .debug_macro   0x00001623      0x2c7 ./src/main.o
 .debug_macro   0x000018ea       0x63 ./src/main.o
 .debug_macro   0x0000194d      0x143 ./src/main.o
 .debug_macro   0x00001a90       0x46 ./src/main.o
 .debug_macro   0x00001ad6      0x192 ./src/main.o
 .debug_macro   0x00001c68      0x32a ./src/main.o
 .debug_macro   0x00001f92       0xe9 ./src/main.o
 .debug_macro   0x0000207b      0x2af ./src/main.o
 .debug_macro   0x0000232a       0x16 ./src/main.o
 .debug_macro   0x00002340       0x16 ./src/main.o
 .debug_macro   0x00002356      0x113 /home/pedro/LPCXpresso/workspace/Lib_CMSISv1p30_LPC17xx/Debug/libCMSISv1p30_LPC17xx.a(system_LPC17xx.o)
 .debug_macro   0x00002469      0x880 /home/pedro/LPCXpresso/workspace/Lib_CMSISv1p30_LPC17xx/Debug/libCMSISv1p30_LPC17xx.a(system_LPC17xx.o)
 .debug_macro   0x00002ce9       0x10 /home/pedro/LPCXpresso/workspace/Lib_CMSISv1p30_LPC17xx/Debug/libCMSISv1p30_LPC17xx.a(system_LPC17xx.o)
 .debug_macro   0x00002cf9      0x12d /home/pedro/LPCXpresso/workspace/Lib_CMSISv1p30_LPC17xx/Debug/libCMSISv1p30_LPC17xx.a(system_LPC17xx.o)
 .debug_macro   0x00002e26      0x5b2 /home/pedro/LPCXpresso/workspace/Lib_CMSISv1p30_LPC17xx/Debug/libCMSISv1p30_LPC17xx.a(system_LPC17xx.o)
 .debug_macro   0x000033d8      0x7d5 /home/pedro/LPCXpresso/workspace/Lib_CMSISv1p30_LPC17xx/Debug/libCMSISv1p30_LPC17xx.a(system_LPC17xx.o)
 .debug_macro   0x00003bad      0x126 /home/pedro/LPCXpresso/workspace/Lib_EaBaseBoard/Debug/libLib_EaBaseBoard.a(light.o)
 .debug_macro   0x00003cd3      0x18c /home/pedro/LPCXpresso/workspace/Lib_EaBaseBoard/Debug/libLib_EaBaseBoard.a(light.o)
 .debug_macro   0x00003e5f       0xdd /home/pedro/LPCXpresso/workspace/Lib_EaBaseBoard/Debug/libLib_EaBaseBoard.a(oled.o)
 .debug_macro   0x00003f3c       0x5d /home/pedro/LPCXpresso/workspace/Lib_EaBaseBoard/Debug/libLib_EaBaseBoard.a(oled.o)
 .debug_macro   0x00003f99       0x40 /home/pedro/LPCXpresso/workspace/Lib_EaBaseBoard/Debug/libLib_EaBaseBoard.a(oled.o)
 .debug_macro   0x00003fd9       0x1a /home/pedro/LPCXpresso/workspace/Lib_EaBaseBoard/Debug/libLib_EaBaseBoard.a(font5x7.o)
 .debug_macro   0x00003ff3      0x696 /home/pedro/LPCXpresso/workspace/Lib_EaBaseBoard/Debug/libLib_EaBaseBoard.a(font5x7.o)
 .debug_macro   0x00004689       0x83 /home/pedro/LPCXpresso/workspace/Lib_MCU/Debug/libLib_MCU.a(lpc17xx_gpio.o)
 .debug_macro   0x0000470c       0xcb /home/pedro/LPCXpresso/workspace/Lib_MCU/Debug/libLib_MCU.a(lpc17xx_gpio.o)
 .debug_macro   0x000047d7       0x95 /home/pedro/LPCXpresso/workspace/Lib_MCU/Debug/libLib_MCU.a(lpc17xx_i2c.o)
 .debug_macro   0x0000486c      0x2fe /home/pedro/LPCXpresso/workspace/Lib_MCU/Debug/libLib_MCU.a(lpc17xx_i2c.o)
 .debug_macro   0x00004b6a      0x149 /home/pedro/LPCXpresso/workspace/Lib_MCU/Debug/libLib_MCU.a(lpc17xx_i2c.o)
 .debug_macro   0x00004cb3       0x7a /home/pedro/LPCXpresso/workspace/Lib_MCU/Debug/libLib_MCU.a(lpc17xx_pinsel.o)
 .debug_macro   0x00004d2d       0x8c /home/pedro/LPCXpresso/workspace/Lib_MCU/Debug/libLib_MCU.a(lpc17xx_ssp.o)
 .debug_macro   0x00004db9      0x2a9 /home/pedro/LPCXpresso/workspace/Lib_MCU/Debug/libLib_MCU.a(lpc17xx_ssp.o)
 .debug_macro   0x00005062       0x95 /home/pedro/LPCXpresso/workspace/Lib_MCU/Debug/libLib_MCU.a(lpc17xx_timer.o)
 .debug_macro   0x000050f7       0xe3 /home/pedro/LPCXpresso/workspace/Lib_MCU/Debug/libLib_MCU.a(lpc17xx_timer.o)
 .debug_macro   0x000051da       0x8c /home/pedro/LPCXpresso/workspace/Lib_MCU/Debug/libLib_MCU.a(lpc17xx_uart.o)
 .debug_macro   0x00005266      0x324 /home/pedro/LPCXpresso/workspace/Lib_MCU/Debug/libLib_MCU.a(lpc17xx_uart.o)
 .debug_macro   0x0000558a       0x7a /home/pedro/LPCXpresso/workspace/Lib_MCU/Debug/libLib_MCU.a(lpc17xx_clkpwr.o)
 .debug_macro   0x00005604      0x2f8 /home/pedro/LPCXpresso/workspace/Lib_MCU/Debug/libLib_MCU.a(lpc17xx_clkpwr.o)

.debug_line     0x00000000     0x3778
 .debug_line    0x00000000      0x321 ./src/cr_startup_lpc17.o
 .debug_line    0x00000321      0x4d7 ./src/main.o
 .debug_line    0x000007f8      0x1f4 /home/pedro/LPCXpresso/workspace/Lib_CMSISv1p30_LPC17xx/Debug/libCMSISv1p30_LPC17xx.a(system_LPC17xx.o)
 .debug_line    0x000009ec      0x372 /home/pedro/LPCXpresso/workspace/Lib_EaBaseBoard/Debug/libLib_EaBaseBoard.a(light.o)
 .debug_line    0x00000d5e      0x544 /home/pedro/LPCXpresso/workspace/Lib_EaBaseBoard/Debug/libLib_EaBaseBoard.a(oled.o)
 .debug_line    0x000012a2       0x76 /home/pedro/LPCXpresso/workspace/Lib_EaBaseBoard/Debug/libLib_EaBaseBoard.a(font5x7.o)
 .debug_line    0x00001318      0x3e9 /home/pedro/LPCXpresso/workspace/Lib_MCU/Debug/libLib_MCU.a(lpc17xx_gpio.o)
 .debug_line    0x00001701      0x6be /home/pedro/LPCXpresso/workspace/Lib_MCU/Debug/libLib_MCU.a(lpc17xx_i2c.o)
 .debug_line    0x00001dbf      0x243 /home/pedro/LPCXpresso/workspace/Lib_MCU/Debug/libLib_MCU.a(lpc17xx_pinsel.o)
 .debug_line    0x00002002      0x5ef /home/pedro/LPCXpresso/workspace/Lib_MCU/Debug/libLib_MCU.a(lpc17xx_ssp.o)
 .debug_line    0x000025f1      0x576 /home/pedro/LPCXpresso/workspace/Lib_MCU/Debug/libLib_MCU.a(lpc17xx_timer.o)
 .debug_line    0x00002b67      0x96d /home/pedro/LPCXpresso/workspace/Lib_MCU/Debug/libLib_MCU.a(lpc17xx_uart.o)
 .debug_line    0x000034d4      0x2a4 /home/pedro/LPCXpresso/workspace/Lib_MCU/Debug/libLib_MCU.a(lpc17xx_clkpwr.o)

.debug_str      0x00000000    0x118aa
 .debug_str     0x00000000     0x335c ./src/cr_startup_lpc17.o
                               0x34bd (size before relaxing)
 .debug_str     0x0000335c     0x871d ./src/main.o
                               0xbaec (size before relaxing)
 .debug_str     0x0000ba79     0x1af9 /home/pedro/LPCXpresso/workspace/Lib_CMSISv1p30_LPC17xx/Debug/libCMSISv1p30_LPC17xx.a(system_LPC17xx.o)
                               0x7fde (size before relaxing)
 .debug_str     0x0000d572      0x542 /home/pedro/LPCXpresso/workspace/Lib_EaBaseBoard/Debug/libLib_EaBaseBoard.a(light.o)
                               0x8bce (size before relaxing)
 .debug_str     0x0000dab4      0x396 /home/pedro/LPCXpresso/workspace/Lib_EaBaseBoard/Debug/libLib_EaBaseBoard.a(oled.o)
                               0x9c5a (size before relaxing)
 .debug_str     0x0000de4a      0xe21 /home/pedro/LPCXpresso/workspace/Lib_EaBaseBoard/Debug/libLib_EaBaseBoard.a(font5x7.o)
                               0x32bb (size before relaxing)
 .debug_str     0x0000ec6b      0x4c9 /home/pedro/LPCXpresso/workspace/Lib_MCU/Debug/libLib_MCU.a(lpc17xx_gpio.o)
                               0x8431 (size before relaxing)
 .debug_str     0x0000f134     0x1526 /home/pedro/LPCXpresso/workspace/Lib_MCU/Debug/libLib_MCU.a(lpc17xx_i2c.o)
                               0xa4b4 (size before relaxing)
 .debug_str     0x0001065a      0x214 /home/pedro/LPCXpresso/workspace/Lib_MCU/Debug/libLib_MCU.a(lpc17xx_pinsel.o)
                               0x8475 (size before relaxing)
 .debug_str     0x0001086e      0x209 /home/pedro/LPCXpresso/workspace/Lib_MCU/Debug/libLib_MCU.a(lpc17xx_ssp.o)
                               0xa421 (size before relaxing)
 .debug_str     0x00010a77      0x438 /home/pedro/LPCXpresso/workspace/Lib_MCU/Debug/libLib_MCU.a(lpc17xx_timer.o)
                               0xa1a5 (size before relaxing)
 .debug_str     0x00010eaf      0x930 /home/pedro/LPCXpresso/workspace/Lib_MCU/Debug/libLib_MCU.a(lpc17xx_uart.o)
                               0xb343 (size before relaxing)
 .debug_str     0x000117df       0xcb /home/pedro/LPCXpresso/workspace/Lib_MCU/Debug/libLib_MCU.a(lpc17xx_clkpwr.o)
                               0x91d2 (size before relaxing)

.comment        0x00000000       0x6e
 .comment       0x00000000       0x6e ./src/cr_startup_lpc17.o
                                 0x6f (size before relaxing)
 .comment       0x0000006e       0x6f ./src/main.o
 .comment       0x0000006e       0x6f /home/pedro/LPCXpresso/workspace/Lib_CMSISv1p30_LPC17xx/Debug/libCMSISv1p30_LPC17xx.a(system_LPC17xx.o)
 .comment       0x0000006e       0x6f /home/pedro/LPCXpresso/workspace/Lib_EaBaseBoard/Debug/libLib_EaBaseBoard.a(light.o)
 .comment       0x0000006e       0x6f /home/pedro/LPCXpresso/workspace/Lib_EaBaseBoard/Debug/libLib_EaBaseBoard.a(oled.o)
 .comment       0x0000006e       0x6f /home/pedro/LPCXpresso/workspace/Lib_EaBaseBoard/Debug/libLib_EaBaseBoard.a(font5x7.o)
 .comment       0x0000006e       0x6f /home/pedro/LPCXpresso/workspace/Lib_MCU/Debug/libLib_MCU.a(lpc17xx_gpio.o)
 .comment       0x0000006e       0x6f /home/pedro/LPCXpresso/workspace/Lib_MCU/Debug/libLib_MCU.a(lpc17xx_i2c.o)
 .comment       0x0000006e       0x6f /home/pedro/LPCXpresso/workspace/Lib_MCU/Debug/libLib_MCU.a(lpc17xx_pinsel.o)
 .comment       0x0000006e       0x6f /home/pedro/LPCXpresso/workspace/Lib_MCU/Debug/libLib_MCU.a(lpc17xx_ssp.o)
 .comment       0x0000006e       0x6f /home/pedro/LPCXpresso/workspace/Lib_MCU/Debug/libLib_MCU.a(lpc17xx_timer.o)
 .comment       0x0000006e       0x6f /home/pedro/LPCXpresso/workspace/Lib_MCU/Debug/libLib_MCU.a(lpc17xx_uart.o)
 .comment       0x0000006e       0x6f /home/pedro/LPCXpresso/workspace/Lib_MCU/Debug/libLib_MCU.a(lpc17xx_clkpwr.o)

.ARM.attributes
                0x00000000       0x33
 .ARM.attributes
                0x00000000       0x33 ./src/cr_startup_lpc17.o
 .ARM.attributes
                0x00000033       0x33 ./src/main.o
 .ARM.attributes
                0x00000066       0x33 /home/pedro/LPCXpresso/workspace/Lib_CMSISv1p30_LPC17xx/Debug/libCMSISv1p30_LPC17xx.a(system_LPC17xx.o)
 .ARM.attributes
                0x00000099       0x33 /home/pedro/LPCXpresso/workspace/Lib_EaBaseBoard/Debug/libLib_EaBaseBoard.a(light.o)
 .ARM.attributes
                0x000000cc       0x33 /home/pedro/LPCXpresso/workspace/Lib_EaBaseBoard/Debug/libLib_EaBaseBoard.a(oled.o)
 .ARM.attributes
                0x000000ff       0x33 /home/pedro/LPCXpresso/workspace/Lib_EaBaseBoard/Debug/libLib_EaBaseBoard.a(font5x7.o)
 .ARM.attributes
                0x00000132       0x33 /home/pedro/LPCXpresso/workspace/Lib_MCU/Debug/libLib_MCU.a(lpc17xx_gpio.o)
 .ARM.attributes
                0x00000165       0x33 /home/pedro/LPCXpresso/workspace/Lib_MCU/Debug/libLib_MCU.a(lpc17xx_i2c.o)
 .ARM.attributes
                0x00000198       0x33 /home/pedro/LPCXpresso/workspace/Lib_MCU/Debug/libLib_MCU.a(lpc17xx_pinsel.o)
 .ARM.attributes
                0x000001cb       0x33 /home/pedro/LPCXpresso/workspace/Lib_MCU/Debug/libLib_MCU.a(lpc17xx_ssp.o)
 .ARM.attributes
                0x000001fe       0x33 /home/pedro/LPCXpresso/workspace/Lib_MCU/Debug/libLib_MCU.a(lpc17xx_timer.o)
 .ARM.attributes
                0x00000231       0x33 /home/pedro/LPCXpresso/workspace/Lib_MCU/Debug/libLib_MCU.a(lpc17xx_uart.o)
 .ARM.attributes
                0x00000264       0x33 /home/pedro/LPCXpresso/workspace/Lib_MCU/Debug/libLib_MCU.a(lpc17xx_clkpwr.o)
 .ARM.attributes
                0x00000297       0x1d /usr/local/lpcxpresso_8.2.2_650/lpcxpresso/tools/bin/../lib/gcc/arm-none-eabi/5.4.1/armv7-m/libgcc.a(_aeabi_uldivmod.o)
 .ARM.attributes
                0x000002b4       0x2d /usr/local/lpcxpresso_8.2.2_650/lpcxpresso/tools/bin/../lib/gcc/arm-none-eabi/5.4.1/armv7-m/libgcc.a(_udivmoddi4.o)
 .ARM.attributes
                0x000002e1       0x1d /usr/local/lpcxpresso_8.2.2_650/lpcxpresso/tools/bin/../lib/gcc/arm-none-eabi/5.4.1/armv7-m/libgcc.a(_dvmd_tls.o)
 .ARM.attributes
                0x000002fe       0x2d /usr/local/lpcxpresso_8.2.2_650/lpcxpresso/tools/bin/../lib/gcc/arm-none-eabi/5.4.1/../../../../arm-none-eabi/lib/armv7-m/libc.a(lib_a-memset.o)
 .ARM.attributes
                0x0000032b       0x2d /usr/local/lpcxpresso_8.2.2_650/lpcxpresso/tools/bin/../lib/gcc/arm-none-eabi/5.4.1/../../../../arm-none-eabi/lib/armv7-m/libc.a(lib_a-strlen-stub.o)

.debug_frame    0x00000000     0x1b8c
 .debug_frame   0x00000000      0x120 ./src/cr_startup_lpc17.o
 .debug_frame   0x00000120      0x190 ./src/main.o
 .debug_frame   0x000002b0       0x64 /home/pedro/LPCXpresso/workspace/Lib_CMSISv1p30_LPC17xx/Debug/libCMSISv1p30_LPC17xx.a(system_LPC17xx.o)
 .debug_frame   0x00000314      0x24c /home/pedro/LPCXpresso/workspace/Lib_EaBaseBoard/Debug/libLib_EaBaseBoard.a(light.o)
 .debug_frame   0x00000560      0x244 /home/pedro/LPCXpresso/workspace/Lib_EaBaseBoard/Debug/libLib_EaBaseBoard.a(oled.o)
 .debug_frame   0x000007a4      0x344 /home/pedro/LPCXpresso/workspace/Lib_MCU/Debug/libLib_MCU.a(lpc17xx_gpio.o)
 .debug_frame   0x00000ae8      0x35c /home/pedro/LPCXpresso/workspace/Lib_MCU/Debug/libLib_MCU.a(lpc17xx_i2c.o)
 .debug_frame   0x00000e44       0xfc /home/pedro/LPCXpresso/workspace/Lib_MCU/Debug/libLib_MCU.a(lpc17xx_pinsel.o)
 .debug_frame   0x00000f40      0x2e0 /home/pedro/LPCXpresso/workspace/Lib_MCU/Debug/libLib_MCU.a(lpc17xx_ssp.o)
 .debug_frame   0x00001220      0x280 /home/pedro/LPCXpresso/workspace/Lib_MCU/Debug/libLib_MCU.a(lpc17xx_timer.o)
 .debug_frame   0x000014a0      0x4f8 /home/pedro/LPCXpresso/workspace/Lib_MCU/Debug/libLib_MCU.a(lpc17xx_uart.o)
 .debug_frame   0x00001998      0x13c /home/pedro/LPCXpresso/workspace/Lib_MCU/Debug/libLib_MCU.a(lpc17xx_clkpwr.o)
 .debug_frame   0x00001ad4       0x2c /usr/local/lpcxpresso_8.2.2_650/lpcxpresso/tools/bin/../lib/gcc/arm-none-eabi/5.4.1/armv7-m/libgcc.a(_aeabi_uldivmod.o)
 .debug_frame   0x00001b00       0x38 /usr/local/lpcxpresso_8.2.2_650/lpcxpresso/tools/bin/../lib/gcc/arm-none-eabi/5.4.1/armv7-m/libgcc.a(_udivmoddi4.o)
 .debug_frame   0x00001b38       0x34 /usr/local/lpcxpresso_8.2.2_650/lpcxpresso/tools/bin/../lib/gcc/arm-none-eabi/5.4.1/../../../../arm-none-eabi/lib/armv7-m/libc.a(lib_a-memset.o)
 .debug_frame   0x00001b6c       0x20 /usr/local/lpcxpresso_8.2.2_650/lpcxpresso/tools/bin/../lib/gcc/arm-none-eabi/5.4.1/../../../../arm-none-eabi/lib/armv7-m/libc.a(lib_a-strlen-stub.o)
